[Map]
author=_ MIKE CRUSH _
image=_65_ PLANET BUSTER.bmp
wrap=yes
scroll=none
warn=yes

[Continents]
Rocket 1=1
Rocket 2=1
Rocket 3=1
Rocket 4=1
Rocket 5=1
Rocket 6=1
Small Planet=1
Small Chunk 1=1
Small Chunk 2=1
Large Chunk=2
Asteroid Large=2
Asteroid Small 1=1
Asteroid Small 2=1
Planet Core Small=2
Planet Core Medium=3
Planet Core Large=3

[Territories]
Territory01,88,53,Rocket 1,Territory19,Territory02
Territory02,118,27,Rocket 1,Territory18,Territory01
Territory03,495,42,Rocket 2,Territory04,Territory60
Territory04,525,67,Rocket 2,Territory03,Territory62
Territory05,48,548,Rocket 3,Territory22,Territory06
Territory06,78,520,Rocket 3,Territory26,Territory05
Territory07,723,125,Rocket 4,Territory08,Territory30,Territory43
Territory08,754,100,Rocket 4,Territory07,Territory50
Territory09,745,341,Rocket 5,Territory10,Territory13,Territory44
Territory10,716,367,Rocket 5,Territory09,Territory35,Territory42
Territory11,821,538,Rocket 6,Territory12,Territory16
Territory12,792,513,Rocket 6,Territory11,Territory41,Territory16
Territory13,819,388,Small Planet,Territory14,Territory17,Territory09
Territory14,885,408,Small Planet,Territory45,Territory13,Territory15
Territory15,883,448,Small Planet,Territory14,Territory16
Territory16,844,469,Small Planet,Territory15,Territory17,Territory12,Territory11
Territory17,813,445,Small Planet,Territory16,Territory13
Territory18,146,88,Small Chunk 1,Territory21,Territory20,Territory19,Territory02
Territory19,106,128,Small Chunk 1,Territory18,Territory20,Territory01
Territory20,146,134,Small Chunk 1,Territory18,Territory19,Territory21,Territory54
Territory21,179,125,Small Chunk 1,Territory18,Territory20,Territory58
Territory22,93,417,Small Chunk 2,Territory23,Territory24,Territory05
Territory23,120,462,Small Chunk 2,Territory22,Territory24,Territory25,Territory26
Territory24,149,422,Small Chunk 2,Territory23,Territory25,Territory22,Territory56
Territory25,186,458,Small Chunk 2,Territory23,Territory26,Territory24,Territory77
Territory26,153,506,Small Chunk 2,Territory23,Territory25,Territory06
Territory27,516,274,Large Chunk,Territory28,Territory33,Territory36,Territory72
Territory28,536,235,Large Chunk,Territory27,Territory33,Territory29,Territory67
Territory29,561,195,Large Chunk,Territory33,Territory28,Territory30,Territory31
Territory30,597,154,Large Chunk,Territory29,Territory31,Territory62,Territory07
Territory31,619,191,Large Chunk,Territory33,Territory29,Territory30,Territory32
Territory32,648,234,Large Chunk,Territory33,Territory31,Territory34
Territory33,591,251,Large Chunk,Territory27,Territory36,Territory34,Territory32,Territory31,Territory29,Territory28
Territory34,643,280,Large Chunk,Territory36,Territory33,Territory32,Territory35
Territory35,651,324,Large Chunk,Territory36,Territory34,Territory10
Territory36,583,310,Large Chunk,Territory27,Territory35,Territory34,Territory33,Territory73
Territory37,606,505,Asteroid Large,Territory42,Territory39,Territory38,Territory73
Territory38,574,549,Asteroid Large,Territory39,Territory37,Territory74
Territory39,636,553,Asteroid Large,Territory42,Territory40,Territory38,Territory37
Territory40,689,547,Asteroid Large,Territory42,Territory41,Territory39
Territory41,723,529,Asteroid Large,Territory42,Territory40,Territory12
Territory42,669,485,Asteroid Large,Territory41,Territory40,Territory39,Territory37,Territory10
Territory43,800,217,Asteroid Small 1,Territory07,Territory46,Territory44
Territory44,813,259,Asteroid Small 1,Territory46,Territory43,Territory45,Territory09
Territory45,860,253,Asteroid Small 1,Territory46,Territory44,Territory14
Territory46,852,217,Asteroid Small 1,Territory47,Territory43,Territory44,Territory45
Territory47,885,135,Asteroid Small 2,Territory50,Territory49,Territory48,Territory46
Territory48,918,116,Asteroid Small 2,Territory49,Territory47
Territory49,889,96,Asteroid Small 2,Territory50,Territory47,Territory48
Territory50,854,116,Asteroid Small 2,Territory08,Territory49,Territory47
Territory51,177,279,Planet Core Small,Territory53,Territory54,Territory55,Territory56,Territory57,Territory52
Territory52,254,262,Planet Core Small,Territory66,Territory65,Territory53,Territory57,Territory51,Territory68
Territory53,211,220,Planet Core Small,Territory65,Territory54,Territory51,Territory52
Territory54,144,215,Planet Core Small,Territory53,Territory51,Territory55,Territory20
Territory55,114,289,Planet Core Small,Territory54,Territory51,Territory56
Territory56,170,339,Planet Core Small,Territory55,Territory51,Territory57,Territory24
Territory57,246,331,Planet Core Small,Territory56,Territory51,Territory52,Territory68,Territory71
Territory58,259,112,Planet Core Medium,Territory65,Territory64,Territory59,Territory21
Territory59,318,85,Planet Core Medium,Territory64,Territory58,Territory60
Territory60,403,110,Planet Core Medium,Territory63,Territory64,Territory59,Territory61,Territory62,Territory03
Territory61,412,74,Planet Core Medium,Territory60
Territory62,490,130,Planet Core Medium,Territory67,Territory63,Territory60,Territory30,Territory04
Territory63,409,169,Planet Core Medium,Territory66,Territory67,Territory62,Territory64,Territory60
Territory64,354,145,Planet Core Medium,Territory66,Territory65,Territory63,Territory60,Territory59,Territory58
Territory65,297,179,Planet Core Medium,Territory66,Territory52,Territory53,Territory58,Territory64
Territory66,361,226,Planet Core Medium,Territory65,Territory64,Territory63,Territory67,Territory69,Territory68,Territory52
Territory67,448,204,Planet Core Medium,Territory66,Territory63,Territory62,Territory28
Territory68,327,306,Planet Core Large,Territory69,Territory70,Territory71,Territory66,Territory52,Territory57
Territory69,391,305,Planet Core Large,Territory68,Territory70,Territory72,Territory66
Territory70,381,382,Planet Core Large,Territory68,Territory71,Territory69,Territory72,Territory75
Territory71,307,394,Planet Core Large,Territory68,Territory70,Territory75,Territory77,Territory57
Territory72,455,361,Planet Core Large,Territory69,Territory70,Territory73,Territory74,Territory75,Territory27
Territory73,544,400,Planet Core Large,Territory72,Territory74,Territory36,Territory37
Territory74,471,483,Planet Core Large,Territory72,Territory75,Territory76,Territory73,Territory38
Territory75,384,446,Planet Core Large,Territory71,Territory77,Territory70,Territory72,Territory76,Territory74
Territory76,373,523,Planet Core Large,Territory77,Territory75,Territory74
Territory77,285,500,Planet Core Large,Territory71,Territory76,Territory75,Territory25
