[Map]
image=Islamic Califate 750.bmp
wrap=no
scroll=horizontal
author=don morris
warn=yes

[Continents]
Anglo-Saxon kingdoms=5
Avars Bulgars & Magyars=6
Baltic tribes=4
Byzantine Empire=20
Califate=55
Caucasus states=3
Celtic tribes=11
China Four Garrisons=11
East African States=6
Finno-Ugric tribes=10
Frankish Kingdom=14
Germanic tribes=7
Iberian Christian kingdoms=2
Indian states=20
Khazar Khanate=5
Lombard Kingdom=11
Saharan nomads=3
Slavic tribes=27
Tibet=5
Turkic tribes=16
al-Andalus=14

[Territories]
East Anglia,154,121,Anglo-Saxon kingdoms,Mercia,Kent,Frisia
Kent,150,138,Anglo-Saxon kingdoms,East Anglia,Mercia,Wessex,Austrasia
Mercia,133,114,Anglo-Saxon kingdoms,East Anglia,Kent,Northumbria,Wessex,Wales
Northumbria,130,83,Anglo-Saxon kingdoms,Mercia,Strathclyde,Wales,Pictland,Jutland
Wessex,125,138,Anglo-Saxon kingdoms,Kent,Mercia,Wales,Cornish Welsh,Neustria

Avar Khanate,371,217,Avars Bulgars & Magyars,Moesia,Serbs,Moravians,White Croats,Pannonian Slavs,Bulgar Khanate
Bulgar Khanate,434,230,Avars Bulgars & Magyars,Avar Khanate,White Croats,Tiverians,Moesia,Pliska
Etelkuzu,517,176,Avars Bulgars & Magyars,Ulichs,Tiverians,Western Khazars,Pliska,Severians
Moesia,428,264,Avars Bulgars & Magyars,Avar Khanate,Bulgar Khanate,Serbs,Macedonia,Thrace,Sklavines,Pliska
Pannonian Slavs,339,211,Avars Bulgars & Magyars,Serbs,Croats,Carantania,Moravians,Avar Khanate
Pliska,469,222,Avars Bulgars & Magyars,Etelkuzu,Moesia,Bulgar Khanate,Tiverians,Western Khazars

Curonians,384,72,Baltic tribes,Latgalians,Prussians,Lithuanians,Livonians
Latgalians,407,73,Baltic tribes,Polochans,Lithuanians,Curonians,Livonians
Lithuanians,392,97,Baltic tribes,Latgalians,Curonians,Polochans,Mazovians,Prussians,Dregovichis,Lendians
Prussians,366,100,Baltic tribes,Curonians,Lithuanians,Mazovians,Pomeranians

Anatolikon,508,341,Byzantine Empire,Cilicia,Armeniakon,Opsikion,Optimaton,Karabisianoi,Bukellarian,Thrakesion,Western Armenian Emirate
Armeniakon,551,323,Byzantine Empire,Anatolikon,Chaldia,Western Armenian Emirate,Bukellarian,Eastern Armenia
Balearic islands,156,322,Byzantine Empire,Sardinia,Valencia,Barcelona,Magrib
Bukellarian,514,302,Byzantine Empire,Anatolikon,Armeniakon,Optimaton,Crimea
Calabria,321,330,Byzantine Empire,Lecce,Salerno,Sicily
Chaldia,585,305,Byzantine Empire,Armeniakon,Abkhazia,Eastern Armenia
Crete,419,394,Byzantine Empire,Sicily,Karabisianoi,Hellas,Cyprus,Barca
Crimea,528,235,Byzantine Empire,Western Khazars,Bukellarian,Thrace
Cyprus,522,395,Byzantine Empire,Crete,Karabisianoi,Egypt,Syria - Homs
Hellas,394,353,Byzantine Empire,Peloponnesus,Macedonia,Sklavines,Crete,Thrakesion
Karabisianoi,483,369,Byzantine Empire,Anatolikon,Cilicia,Thrakesion,Crete,Cyprus
Lecce,338,311,Byzantine Empire,Calabria,Benevento,Salerno,Peloponnesus
Macedonia,416,289,Byzantine Empire,Moesia,Hellas,Thrace,Sklavines
Opsikion,464,320,Byzantine Empire,Anatolikon,Optimaton,Thrace,Thrakesion
Optimaton,485,311,Byzantine Empire,Anatolikon,Bukellarian,Opsikion,Thrace
Peloponnesus,365,314,Byzantine Empire,Hellas,Narentines,Sklavines,Lecce
Sardinia,231,314,Byzantine Empire,Balearic islands,Corsica,Sicily,Africa
Sicily,291,355,Byzantine Empire,Calabria,Crete,Sardinia,Africa
Thrace,447,294,Byzantine Empire,Moesia,Macedonia,Opsikion,Crimea,Optimaton
Thrakesion,462,343,Byzantine Empire,Anatolikon,Karabisianoi,Opsikion,Hellas

Africa,232,425,Califate,Magrib,Zenata Berbers,Fezzan,Tripoli,Sicily,Sardinia
Al Nafud desert,623,488,Califate,Nedjed,Hedjaz,Iraq Arabi,Bahrain,Syria - Damascus,Syria - Jordan,El Jezireh
Aran,680,322,Califate,Tabaristan,Azerbaijan,Tbilisi Emirate,Derbent,Alania,Eastern Armenia
Azerbaijan,679,363,Califate,Aran,Tabaristan,Iraq Ajemi,Mosul,Eastern Armenia,El Jezireh,Western Armenian Emirate
Bahrain,718,527,Califate,Al Nafud desert,Nedjed,Iraq Arabi,Oman,Empty Quarter
Balkh,1010,368,Califate,Kashgar,Kashmir,Bukhara,Khotan,Gandhara,Kabulistan,Samarkand
Bamiyan,926,394,Califate,Eastern Khorasan,Herat,Bukhara,Zabulistan,Kabulistan
Barca,392,464,Califate,Egypt,Tuareg nomads,Tripoli,Crete
Barghawata,30,446,Califate,Magrib,Zenata Berbers,Nekor,Berber tribes
Bukhara,952,350,Califate,Balkh,Bamiyan,Eastern Khorasan,Maveranahr,Kabulistan,Samarkand
Cilicia,569,368,Califate,Anatolikon,Karabisianoi,El Jezireh,Western Armenian Emirate,Syria - Homs
Derbent,707,308,Califate,Aran,Alania,Sarir
Eastern Armenia,627,322,Califate,Armeniakon,Chaldia,Aran,Azerbaijan,Tbilisi Emirate,Western Armenian Emirate,Abkhazia
Eastern Khorasan,871,341,Califate,Bamiyan,Bukhara,Karakum desert,Maveranahr,Herat,Kharesm,Western Khorasan
Egypt,488,509,Califate,Barca,Makuria,Blemmyes,Cyprus,Syria - Jordan,Syria - Palestine,Tuareg nomads
El Jezireh,607,392,Califate,Al Nafud desert,Azerbaijan,Cilicia,Syria - Damascus,Syria - Homs,Mosul,Western Armenian Emirate,Iraq Arabi
Empty Quarter,759,622,Califate,Bahrain,Nedjed,Hadramaut,Mahra,Oman,Hedjaz,Yemen
Fars,776,477,Califate,Khuzistan,Isfahan,Western Khorasan,Kirman
Fezzan,241,511,Califate,Africa,Zenata Berbers,Tuareg nomads,Tripoli,Twat
Hadramaut,739,691,Califate,Empty Quarter,Mahra,Yemen,Somali tribes,Simhala
Hedjaz,605,567,Califate,Al Nafud desert,Empty Quarter,Syria - Jordan,Nedjed,Yemen
Herat,884,426,Califate,Bamiyan,Eastern Khorasan,Zabulistan,Western Khorasan,Sijistan,Kirman
Iraq Ajemi,698,399,Califate,Azerbaijan,Iraq Arabi,Tabaristan,Khuzistan,Isfahan,Mosul
Iraq Arabi,680,449,Califate,Al Nafud desert,Bahrain,Khuzistan,Mosul,Iraq Ajemi,El Jezireh
Isfahan,760,421,Califate,Fars,Iraq Ajemi,Tabaristan,Khuzistan,Western Khorasan
Kabulistan,974,415,Califate,Balkh,Bamiyan,Bukhara,Zabulistan,Gandhara,Multan,Kikan
Kharesm,845,286,Califate,Eastern Khorasan,Karakum desert,Maveranahr,Kyzlkum desert,Ustyurt plateau
Khuzistan,718,448,Califate,Fars,Iraq Ajemi,Iraq Arabi,Isfahan
Kikan,937,471,Califate,Kabulistan,Sind,Makran,Zabulistan,Sijistan,Multan
Kirman,833,487,Califate,Fars,Herat,Makran,Western Khorasan,Sijistan,Oman
Magrib,145,401,Califate,Africa,Barghawata,Zenata Berbers,Nekor,Balearic islands
Mahra,826,629,Califate,Empty Quarter,Hadramaut,Oman
Makran,895,527,Califate,Kikan,Kirman,Sind,Sijistan
Maveranahr,919,285,Califate,Bukhara,Eastern Khorasan,Kharesm,Kyzlkum desert,Western Kipchak,Suyab,Samarkand
Mosul,646,396,Califate,Azerbaijan,Iraq Ajemi,Iraq Arabi,El Jezireh
Multan,977,476,Califate,Kabulistan,Kikan,Sind,Western Gujara-Pratiharas,Gandhara
Nedjed,683,568,Califate,Al Nafud desert,Bahrain,Empty Quarter,Hedjaz
Nekor,66,402,Califate,Barghawata,Magrib,Malaga
Oman,834,579,Califate,Bahrain,Empty Quarter,Mahra,Kirman,Maitraka
Samarkand,987,324,Califate,Balkh,Bukhara,Maveranahr,Kashgar,Ferghana Valley,Suyab
Sijistan,884,476,Califate,Herat,Kikan,Kirman,Makran,Zabulistan
Sind,969,525,Califate,Kikan,Makran,Multan,Maitraka,Western Gujara-Pratiharas
Syria - Damascus,587,435,Califate,Al Nafud desert,Syria - Jordan,Syria - Palestine,Syria - Homs,El Jezireh
Syria - Homs,577,397,Califate,Cilicia,Cyprus,Syria - Damascus,El Jezireh
Syria - Jordan,566,468,Califate,Al Nafud desert,Egypt,Hedjaz,Syria - Damascus,Syria - Palestine
Syria - Palestine,550,442,Califate,Egypt,Syria - Damascus,Syria - Jordan
Tabaristan,742,374,Califate,Aran,Azerbaijan,Iraq Ajemi,Isfahan,Jurjan,Western Khorasan
Tbilisi Emirate,656,300,Califate,Aran,Eastern Armenia,Alania,Abkhazia
Tripoli,319,471,Califate,Africa,Barca,Fezzan,Tuareg nomads
Twat,141,502,Califate,Fezzan,Zenata Berbers,Tuareg nomads,Berber tribes
Western Armenian Emirate,591,346,Califate,Armeniakon,Anatolikon,Cilicia,Eastern Armenia,Azerbaijan,El Jezireh
Western Khorasan,810,391,Califate,Eastern Khorasan,Fars,Herat,Isfahan,Kirman,Tabaristan,Karakum desert,Jurjan
Yemen,673,709,Califate,Empty Quarter,Hadramaut,Hedjaz,Aksum
Zabulistan,923,438,Califate,Bamiyan,Herat,Kabulistan,Kikan,Sijistan
Zenata Berbers,144,449,Califate,Africa,Barghawata,Fezzan,Magrib,Twat,Berber tribes

Abkhazia,621,277,Caucasus states,Alania,Chaldia,Eastern Armenia,Tbilisi Emirate,Western Khazars,Sabir lands
Alania,651,274,Caucasus states,Aran,Derbent,Tbilisi Emirate,Abkhazia,Sarir,Atil,Sabir lands
Sarir,680,272,Caucasus states,Alania,Atil,Derbent

Brittany,102,186,Celtic tribes,Maine,Neustria,Muma,Cornish Welsh
Connacht,52,97,Celtic tribes,Muma,Ui Neill
Cornish Welsh,99,146,Celtic tribes,Wales,Wessex,Brittany
Dalriada,106,48,Celtic tribes,Strathclyde,Pictland,Ui Neill
Laigin,77,108,Celtic tribes,Muma,Ulaid,Ui Neill,Wales
Muma,51,117,Celtic tribes,Connacht,Laigin,Ui Neill,Brittany,Galicia
Pictland,121,46,Celtic tribes,Northumbria,Dalriada,Strathclyde,Norse tribes
Strathclyde,110,73,Celtic tribes,Northumbria,Dalriada,Pictland,Wales,Ulaid
Ui Neill,66,92,Celtic tribes,Connacht,Laigin,Muma,Ulaid,Dalriada
Ulaid,80,87,Celtic tribes,Ui Neill,Strathclyde,Laigin
Wales,107,118,Celtic tribes,Mercia,Northumbria,Wessex,Laigin,Strathclyde,Cornish Welsh

Chigli lands,1138,165,China Four Garrisons,Karluk lands,Kimak lands,Uyghurs,Basmyl lands,Turgesh Khanate
Ferghana Valley,1035,284,China Four Garrisons,Kucha,Samarkand,Kashgar,Karluk lands,Suyab
Karluk lands,1091,229,China Four Garrisons,Kucha,Chigli lands,Ferghana Valley,Suyab,Uyghurs,Turgesh Khanate,Taklamakan desert
Kashgar,1063,323,China Four Garrisons,Balkh,Samarkand,Kucha,Khotan,Ferghana Valley
Khotan,1131,345,China Four Garrisons,Balkh,Kucha,Kashgar,Kashmir,Ngari,Gtsang,Shanshan,Taklamakan desert
Kucha,1134,267,China Four Garrisons,Kashgar,Khotan,Karluk lands,Ferghana Valley,Taklamakan desert
Shanshan,1239,288,China Four Garrisons,Khotan,Amdo,Gtsang,Taklamakan desert
Suyab,987,259,China Four Garrisons,Maveranahr,Samarkand,Ferghana Valley,Karluk lands,Eastern Kipchaks,Western Kipchak,Turgesh Khanate
Taklamakan desert,1221,234,China Four Garrisons,Kucha,Karluk lands,Khotan,Shanshan,Uyghurs
Turgesh Khanate,1028,221,China Four Garrisons,Chigli lands,Karluk lands,Suyab,Kimak lands
Uyghurs,1213,149,China Four Garrisons,Chigli lands,Karluk lands,Taklamakan desert,Kyrgyz lands,Basmyl lands

Aksum,607,748,East African States,Alodia,Somali tribes,Blemmyes,Yemen,Ethiopian Highlands
Alodia,529,716,East African States,Aksum,Makuria,Ethiopian Highlands,Zaghawa nomads,Blemmyes
Blemmyes,563,637,East African States,Egypt,Aksum,Alodia,Makuria
Ethiopian Highlands,593,802,East African States,Alodia,Aksum,Somali tribes
Makuria,511,627,East African States,Egypt,Alodia,Blemmyes,Zaghawa nomads,Tuareg nomads
Somali tribes,693,810,East African States,Aksum,Ethiopian Highlands,Hadramaut

Finns,468,20,Finno-Ugric tribes,Tchuds,Veps,Livonians,Slavianes,Polochans
Komi lands,723,10,Finno-Ugric tribes,Mari lands,Veps,Mansi lands,Volga Bulgars,Merya
Livonians,415,48,Finno-Ugric tribes,Latgalians,Curonians,Finns,Tchuds,Polochans
Mansi lands,888,34,Finno-Ugric tribes,Komi lands,Yakut lands,Kimak lands,Bashkir lands,Volga Bulgars
Mari lands,646,41,Finno-Ugric tribes,Komi lands,Meschera,Mordvinians,Volga Bulgars,Merya
Merya,573,37,Finno-Ugric tribes,Komi lands,Mari lands,Oriental Slavs,Meschera,Veps,Slavianes
Meschera,613,120,Finno-Ugric tribes,Mari lands,Merya,Oriental Slavs,Burtas,Mordvinians,Severians
Mordvinians,684,105,Finno-Ugric tribes,Mari lands,Meschera,Eastern Khazars,Western Pechenegs,Burtas,Volga Bulgars
Tchuds,421,19,Finno-Ugric tribes,Finns,Livonians,Svealand
Veps,536,8,Finno-Ugric tribes,Finns,Komi lands,Merya,Slavianes

Alsace,214,182,Frankish Kingdom,Burgundy,Neustria,Austrasia,Soissons,Swabia,Francia
Aquitaine,147,234,Frankish Kingdom,Maine,Vasconia,Burgundy,Neustria,Barcelona,Septimania,Pamplona
Austrasia,198,146,Frankish Kingdom,Alsace,Frisia,Saxons,Neustria,Soissons,Francia,Kent
Bavaria,278,192,Frankish Kingdom,Friuli,Swabia,Carantania,Thuringia
Burgundy,194,224,Frankish Kingdom,Alsace,Aquitaine,Neustria,Provence,Pavia,Swabia,Genoa,Septimania
Francia,243,155,Frankish Kingdom,Alsace,Austrasia,Saxons,Swabia,Thuringia
Frisia,215,108,Frankish Kingdom,Austrasia,Saxons,East Anglia
Maine,136,196,Frankish Kingdom,Brittany,Aquitaine,Neustria
Neustria,165,187,Frankish Kingdom,Brittany,Alsace,Aquitaine,Austrasia,Burgundy,Maine,Soissons,Wessex
Provence,199,261,Frankish Kingdom,Burgundy,Genoa,Septimania,Corsica
Septimania,174,258,Frankish Kingdom,Aquitaine,Burgundy,Provence,Barcelona
Soissons,185,174,Frankish Kingdom,Alsace,Austrasia,Neustria
Swabia,237,193,Frankish Kingdom,Alsace,Bavaria,Burgundy,Francia,Pavia,Friuli,Thuringia
Thuringia,282,164,Frankish Kingdom,Bavaria,Francia,Swabia,Saxons,Bohemia,Sorbs,Carantania

Gotaland,310,35,Germanic tribes,Scania,Svealand,Norse tribes
Jutland,251,64,Germanic tribes,Zealand,Saxons,Norse tribes,Obotrites,Northumbria
Norse tribes,243,10,Germanic tribes,Gotaland,Svealand,Jutland,Pictland
Saxons,257,118,Germanic tribes,Austrasia,Francia,Frisia,Thuringia,Jutland,Veleti,Obotrites,Sorbs
Scania,297,55,Germanic tribes,Gotaland,Zealand,Obotrites
Svealand,319,13,Germanic tribes,Gotaland,Norse tribes,Tchuds
Zealand,279,74,Germanic tribes,Jutland,Scania

Asturias,70,265,Iberian Christian kingdoms,Vasconia,Pamplona,Galicia,desert of the Duero
Vasconia,124,260,Iberian Christian kingdoms,Asturias,Aquitaine,Pamplona

Chalukyas,1049,631,Indian states,Western Gangas,Western Gujara-Pratiharas,Maitraka,Rastrakutas
Cholas,1132,748,Indian states,Eastern Chalukyas,Western Gangas,Pallavas,Pandyas
Eastern Chalukyas,1133,670,Indian states,Cholas,Western Gangas,Orissa,Somavamisis,Rastrakutas
Eastern Gujara-Pratihara,1147,559,Indian states,Pala Empire,Western Gujara-Pratiharas,Gurjaras,Orissa,Somavamisis,Nepala,Kanauj,Rastrakutas
Gandhara,1016,439,Indian states,Balkh,Kabulistan,Multan,Western Gujara-Pratiharas,Gurjaras,Kashmir
Gurjaras,1091,455,Indian states,Eastern Gujara-Pratihara,Gandhara,Western Gujara-Pratiharas,Kashmir,Ngari,Kanauj,Gtsang
Kamarupa,1258,512,Indian states,Pala Empire,Kham,Nepala
Kanauj,1136,513,Indian states,Eastern Gujara-Pratihara,Gurjaras,Gtsang,Nepala
Kashmir,1050,399,Indian states,Balkh,Khotan,Gandhara,Gurjaras,Ngari
Maitraka,1013,600,Indian states,Chalukyas,Western Gujara-Pratiharas,Oman,Sind
Nepala,1188,510,Indian states,Eastern Gujara-Pratihara,Kamarupa,Kanauj,Pala Empire,Gtsang,Dbus,Kham
Orissa,1191,610,Indian states,Eastern Chalukyas,Eastern Gujara-Pratihara,Pala Empire,Somavamisis
Pala Empire,1251,548,Indian states,Eastern Gujara-Pratihara,Kamarupa,Nepala,Orissa
Pallavas,1098,747,Indian states,Cholas,Western Gangas,Pandyas
Pandyas,1114,797,Indian states,Cholas,Pallavas,Simhala
Rastrakutas,1089,627,Indian states,Chalukyas,Eastern Chalukyas,Eastern Gujara-Pratihara,Western Gangas,Western Gujara-Pratiharas,Somavamisis
Simhala,1155,825,Indian states,Pandyas,Hadramaut
Somavamisis,1140,605,Indian states,Eastern Chalukyas,Eastern Gujara-Pratihara,Orissa,Rastrakutas
Western Gangas,1079,708,Indian states,Chalukyas,Cholas,Eastern Chalukyas,Pallavas,Rastrakutas
Western Gujara-Pratiharas,1040,525,Indian states,Multan,Sind,Chalukyas,Eastern Gujara-Pratihara,Gandhara,Gurjaras,Maitraka,Rastrakutas

Atil,681,200,Khazar Khanate,Alania,Sarir,Western Khazars,Eastern Khazars,Burtas,Sabir lands
Burtas,645,164,Khazar Khanate,Meschera,Mordvinians,Atil,Western Khazars,Eastern Khazars,Severians
Eastern Khazars,725,166,Khazar Khanate,Mordvinians,Atil,Burtas,Western Pechenegs,Ghuzz Turk lands
Sabir lands,634,238,Khazar Khanate,Abkhazia,Alania,Atil,Western Khazars
Western Khazars,597,207,Khazar Khanate,Etelkuzu,Pliska,Crimea,Abkhazia,Atil,Burtas,Sabir lands,Severians

Benevento,308,295,Lombard Kingdom,Lecce,Spoleto,Salerno
Corsica,234,283,Lombard Kingdom,Sardinia,Provence,Tuscia
Friuli,275,216,Lombard Kingdom,Bavaria,Swabia,Verona,Pavia,Carantania
Genoa,226,244,Lombard Kingdom,Burgundy,Provence,Tuscia,Pavia
Pavia,237,227,Lombard Kingdom,Burgundy,Swabia,Friuli,Genoa,Verona,Tuscia
Ravenna,272,256,Lombard Kingdom,Spoleto,Verona,Tuscia
Rome,268,282,Lombard Kingdom,Spoleto,Tuscia,Salerno
Salerno,304,306,Lombard Kingdom,Calabria,Lecce,Benevento,Rome,Spoleto
Spoleto,282,273,Lombard Kingdom,Benevento,Ravenna,Rome,Salerno,Tuscia
Tuscia,259,260,Lombard Kingdom,Genoa,Pavia,Ravenna,Rome,Spoleto,Verona,Corsica
Verona,271,229,Lombard Kingdom,Friuli,Pavia,Ravenna,Tuscia,Croats,Carantania

Berber tribes,58,547,Saharan nomads,Barghawata,Twat,Zenata Berbers,Tuareg nomads
Tuareg nomads,271,576,Saharan nomads,Barca,Egypt,Fezzan,Tripoli,Twat,Makuria,Berber tribes,Zaghawa nomads
Zaghawa nomads,402,686,Saharan nomads,Alodia,Makuria,Tuareg nomads

Bohemia,308,154,Slavic tribes,Thuringia,Veleti,Moravians,Polans,Sorbs,Carantania
Carantania,308,202,Slavic tribes,Moravians,Bavaria,Thuringia,Friuli,Verona,Bohemia,Croats,Pannonian Slavs
Croats,314,236,Slavic tribes,Pannonian Slavs,Verona,Carantania,Serbs,Narentines
Dregovichis,422,118,Slavic tribes,Lithuanians,Krivichis,Polochans,Radimichs,Lendians,Volhynians,Drevlians
Drevlians,465,139,Slavic tribes,Dregovichis,Ulichs,Radimichs,Volhynians,Severians
Krivichis,475,92,Slavic tribes,Dregovichis,Polochans,Oriental Slavs,Radimichs,Slavianes
Lendians,384,139,Slavic tribes,Lithuanians,Dregovichis,Mazovians,Volhynians,Polans,Vistulans
Mazovians,365,121,Slavic tribes,Lithuanians,Prussians,Lendians,Polans,Pomeranians
Moravians,346,171,Slavic tribes,Bohemia,White Croats,Polans,Vistulans,Carantania,Pannonian Slavs,Avar Khanate
Narentines,346,270,Slavic tribes,Peloponnesus,Croats,Serbs,Sklavines
Obotrites,282,103,Slavic tribes,Saxons,Veleti,Pomeranians,Scania,Jutland
Oriental Slavs,534,102,Slavic tribes,Merya,Meschera,Krivichis,Radimichs,Severians,Slavianes
Polans,337,133,Slavic tribes,Bohemia,Lendians,Mazovians,Moravians,Veleti,Vistulans,Pomeranians
Polochans,450,74,Slavic tribes,Latgalians,Lithuanians,Dregovichis,Krivichis,Slavianes,Livonians,Finns
Pomeranians,329,102,Slavic tribes,Prussians,Mazovians,Obotrites,Polans,Veleti
Radimichs,481,115,Slavic tribes,Dregovichis,Drevlians,Krivichis,Oriental Slavs,Severians
Serbs,356,250,Slavic tribes,Avar Khanate,Moesia,Pannonian Slavs,Croats,Narentines,Sklavines
Severians,533,142,Slavic tribes,Etelkuzu,Meschera,Burtas,Western Khazars,Drevlians,Oriental Slavs,Radimichs,Ulichs
Sklavines,385,287,Slavic tribes,Moesia,Hellas,Macedonia,Peloponnesus,Narentines,Serbs
Slavianes,502,47,Slavic tribes,Finns,Merya,Veps,Krivichis,Oriental Slavs,Polochans
Sorbs,292,138,Slavic tribes,Thuringia,Saxons,Bohemia,Veleti
Tiverians,451,196,Slavic tribes,Bulgar Khanate,Etelkuzu,Pliska,White Croats,Ulichs,Volhynians
Ulichs,470,167,Slavic tribes,Etelkuzu,Drevlians,Severians,Tiverians,Volhynians
Veleti,301,123,Slavic tribes,Saxons,Bohemia,Obotrites,Polans,Pomeranians,Sorbs
Vistulans,380,160,Slavic tribes,Lendians,Moravians,Polans,White Croats,Volhynians
Volhynians,422,166,Slavic tribes,Dregovichis,Drevlians,Lendians,Tiverians,Ulichs,Vistulans,White Croats
White Croats,395,189,Slavic tribes,Avar Khanate,Bulgar Khanate,Moravians,Tiverians,Vistulans,Volhynians

Amdo,1244,368,Tibet,Shanshan,Gtsang,Dbus,Kham
Dbus,1201,457,Tibet,Nepala,Amdo,Gtsang,Kham
Gtsang,1164,419,Tibet,Khotan,Shanshan,Kanauj,Nepala,Amdo,Dbus,Ngari,Gurjaras
Kham,1258,457,Tibet,Kamarupa,Nepala,Amdo,Dbus
Ngari,1115,409,Tibet,Khotan,Gurjaras,Kashmir,Gtsang

Bashkir lands,883,109,Turkic tribes,Mansi lands,Eastern Pechenegs,Eastern Kipchaks,Kimak lands,Western Kipchak,Volga Bulgars
Basmyl lands,1150,102,Turkic tribes,Chigli lands,Uyghurs,Kulunda steppe,Kimak lands,Kyrgyz lands
Eastern Kipchaks,952,183,Turkic tribes,Suyab,Bashkir lands,Kimak lands,Western Kipchak
Eastern Pechenegs,814,136,Turkic tribes,Bashkir lands,Western Kipchak,Western Pechenegs,Ghuzz Turk lands,Volga Bulgars
Ghuzz Turk lands,785,209,Turkic tribes,Eastern Khazars,Eastern Pechenegs,Kyzlkum desert,Western Kipchak,Western Pechenegs,Ustyurt plateau
Jurjan,776,323,Turkic tribes,Tabaristan,Western Khorasan,Karakum desert,Ustyurt plateau
Karakum desert,812,304,Turkic tribes,Eastern Khorasan,Kharesm,Western Khorasan,Jurjan,Ustyurt plateau
Kimak lands,1016,141,Turkic tribes,Chigli lands,Turgesh Khanate,Mansi lands,Bashkir lands,Basmyl lands,Eastern Kipchaks,Kulunda steppe,Yakut lands
Kulunda steppe,1084,71,Turkic tribes,Basmyl lands,Kimak lands,Yakut lands,Kyrgyz lands
Kyrgyz lands,1215,31,Turkic tribes,Uyghurs,Basmyl lands,Kulunda steppe,Yakut lands
Kyzlkum desert,863,241,Turkic tribes,Kharesm,Maveranahr,Ghuzz Turk lands,Western Kipchak
Ustyurt plateau,771,269,Turkic tribes,Kharesm,Ghuzz Turk lands,Jurjan,Karakum desert
Volga Bulgars,772,56,Turkic tribes,Komi lands,Mansi lands,Mari lands,Mordvinians,Bashkir lands,Eastern Pechenegs,Western Pechenegs
Western Kipchak,904,191,Turkic tribes,Maveranahr,Suyab,Bashkir lands,Eastern Kipchaks,Eastern Pechenegs,Ghuzz Turk lands,Kyzlkum desert
Western Pechenegs,767,138,Turkic tribes,Mordvinians,Eastern Khazars,Eastern Pechenegs,Ghuzz Turk lands,Volga Bulgars
Yakut lands,1006,15,Turkic tribes,Mansi lands,Kimak lands,Kulunda steppe,Kyrgyz lands

Barcelona,150,282,al-Andalus,Aquitaine,Septimania,Pamplona,Saraqusta,Balearic islands
Bracara,39,297,al-Andalus,desert of the Duero,al-Isbunah,Toledo,Galicia,Merida
Cordova,65,343,al-Andalus,Granada,Sevilla,Toledo,Malaga,Merida
Galicia,37,273,al-Andalus,Asturias,Bracara,desert of the Duero,Muma
Granada,95,347,al-Andalus,Cordova,Valencia,Toledo,Malaga
Malaga,61,361,al-Andalus,Cordova,Granada,Sevilla,Nekor
Merida,41,331,al-Andalus,Bracara,Cordova,al-Isbunah,Sevilla,Toledo
Pamplona,117,274,al-Andalus,Asturias,Vasconia,Barcelona,Saraqusta,Aquitaine,desert of the Duero
Saraqusta,122,288,al-Andalus,Barcelona,Pamplona,desert of the Duero,Valencia,Toledo
Sevilla,31,351,al-Andalus,Cordova,Malaga,Merida,al-Isbunah
Toledo,77,309,al-Andalus,Bracara,Cordova,Granada,Merida,Saraqusta,desert of the Duero,Valencia
Valencia,116,319,al-Andalus,Granada,Saraqusta,Toledo,Balearic islands
al-Isbunah,22,326,al-Andalus,Bracara,Merida,Sevilla
desert of the Duero,76,283,al-Andalus,Asturias,Bracara,Galicia,Pamplona,Saraqusta,Toledo
