[Map]
image=Middle East - Crusades 1140.bmp
wrap=no
scroll=horizontal
author=Don Morris
warn=yes

[Continents]
Africa=17
Almoravid Empire=12
Apulia & Sicily=5
Arabia=10
Arelat=4
Artuqids=3
Baltic Lands=4
Byzantine Empire=22
Celtic lands=11
Central Asia=7
Crusader States=5
Danishmends=3
Desht-i Qipchaq=10
East Africa=5
England=5
Fatamid Caliphate=4
France=13
Georgia=3
Ghaznavid Sultanate West=2
Holy Roman Empire=27
Hungary=8
Iberia Christian Kingdoms=8
Mann & the Isles Kingdom=3
Poland=6
Russian Principalities=8
Scandinavia=6
Seljuk Empire=21
Seljuk Rum=5
Serbia=3
Trans-Caucasus Emirates=10
Zengids & Burids=5

[Territories]
Banu Hilal,370,561,Africa,Hammadites,Banu Jami,M'zab Ibadites,Zirid Emirate
Banu Jami,444,580,Africa,Banu Hilal,M'zab Ibadites,Zirid Emirate,Banu Sulaym
Banu Sulaym,556,642,Africa,Egypt,Banu Jami,M'zab Ibadites,Tuareg Tribes,Sahara desert,Crete
Fur Tribes,702,977,Africa,Alodia,Makuria,Kanem Empire,Sahara desert
Hammadites,318,524,Africa,Balearic Islands,Fes,Sijilmasa,Banu Hilal,Zirid Emirate,M'zab Ibadites
Hausa States,422,874,Africa,Songhai,Kanem Empire,Sahara desert,Mande Tribes,Tuareg Tribes
Kanem Empire,564,948,Africa,Hausa States,Mande Tribes,Fur Tribes,Sahara desert
M'zab Ibadites,366,621,Africa,Sijilmasa,Hammadites,Banu Hilal,Banu Jami,Banu Sulaym,Tuareg Tribes
Mande Tribes,338,973,Africa,Sosso,Songhai,Kanem Empire,Manden,Hausa States,West African Tribes
Manden,196,963,Africa,Takrur,Sosso,Mande Tribes,West African Tribes
Sahara desert,605,768,Africa,Kanem Empire,Tuareg Tribes,Banu Sulaym,Fur Tribes,Hausa States,Makuria,Egypt,Upper Egypt
Songhai,327,844,Africa,Sosso,Hausa States,Mande Tribes,Tuareg Tribes
Sosso,240,877,Africa,Takrur,Songhai,Aoudaghost,Manden,Mande Tribes,Tuareg Tribes
Takrur,128,873,Africa,Aoudaghost,Sosso,Manden,West African Tribes
Tuareg Tribes,322,710,Africa,Lamtunas,Aoudaghost,Sijilmasa,Banu Sulaym,M'zab Ibadites,Songhai,Sosso,Hausa States,Sahara desert
West African Tribes,98,985,Africa,Manden,Takrur,Mande Tribes
Zirid Emirate,414,510,Africa,Sicily,Sardinia,Banu Hilal,Banu Jami,Hammadites

Aoudaghost,118,785,Almoravid Empire,Takrur,Lamtunas,Sosso,Tuareg Tribes
Badajoz,146,454,Almoravid Empire,Cordova,Sevilla,Portugal,Leon,New Castile
Balearic Islands,318,429,Almoravid Empire,Barcelona,Murcia,Sardinia,Hammadites
Cordova,193,465,Almoravid Empire,Badajoz,New Castile,Sevilla,Granada
Fes,196,547,Almoravid Empire,Hammadites,Sijilmasa,Marrakech,Sevilla
Granada,218,468,Almoravid Empire,Cordova,New Castile,Sevilla,Valencia,Murcia
Lamtunas,125,702,Almoravid Empire,Aoudaghost,Sijilmasa,Marrakech,Tuareg Tribes
Marrakech,140,607,Almoravid Empire,Fes,Lamtunas,Sijilmasa
Murcia,251,462,Almoravid Empire,Granada,Valencia,Balearic Islands
Sevilla,173,477,Almoravid Empire,Badajoz,Cordova,Fes,Granada
Sijilmasa,199,608,Almoravid Empire,Fes,Lamtunas,Marrakech,Hammadites,M'zab Ibadites,Tuareg Tribes
Valencia,253,425,Almoravid Empire,Granada,Murcia,Aragon,Barcelona,Castile,New Castile

Abruzzo,504,380,Apulia & Sicily,Naples,Spoleto,Apulia,Romagna,Rome
Apulia,535,403,Apulia & Sicily,Abruzzo,Naples,Calabria,Dyrrachion
Calabria,536,437,Apulia & Sicily,Apulia,Naples,Sicily
Naples,508,404,Apulia & Sicily,Abruzzo,Apulia,Calabria,Sardinia,Rome
Sicily,497,474,Apulia & Sicily,Calabria,Sardinia,Zirid Emirate,Crete

An Nafud desert,961,655,Arabia,Baghdad,Nejd,Hijaz,al-Hasa,Hamad desert,Basra
Bahrain,1123,766,Arabia,Nejd,Empty Quarter,al-Hasa,Oman
Dhofar,1214,861,Arabia,Empty Quarter,Oman,Hadramout,Makran
Empty Quarter,1105,840,Arabia,Bahrain,Dhofar,Nejd,Hijaz,Yemen,Oman,Hadramout
Hadramout,1129,916,Arabia,Dhofar,Empty Quarter,Yemen
Hamad desert,911,603,Arabia,An Nafud desert,Baghdad,Rakka,Damascus,Hijaz,Jerusalem,Al Anbar
Nejd,1015,752,Arabia,An Nafud desert,Bahrain,Empty Quarter,Hijaz,al-Hasa
Oman,1216,777,Arabia,Bahrain,Dhofar,Empty Quarter,Kirman
Yemen,1035,966,Arabia,Empty Quarter,Hadramout,Hijaz,Adal
al-Hasa,1067,686,Arabia,An Nafud desert,Bahrain,Nejd,Basra

Burgundy County,372,276,Arelat,Burgundy Dutchy,Dauphine,Upper Lorraine,Little Burgundy
Dauphine,368,315,Arelat,Toulouse,Savoy,Provence,Burgundy County,Burgundy Dutchy,Little Burgundy
Little Burgundy,393,283,Arelat,Savoy,Lombardy,Swabia,Dauphine,Burgundy County,Upper Lorraine
Provence,383,343,Arelat,Dauphine,Toulouse,Savoy,Lombardy,Corsica

Harput,915,456,Artuqids,Mardin,Divrigi,Hasankeyf,Ahlat,Edessa,Erzurum,Malatya,Mengucoglu
Hasankeyf,940,463,Artuqids,Harput,Al-Jazira,Mardin,Ahlat
Mardin,923,481,Artuqids,Harput,Hasankeyf,Al-Jazira,Edessa

Estis,672,25,Baltic Lands,Novgorod,Livonia,Svealand
Lithuania,640,86,Baltic Lands,Prussia,Kiev,Polotsk,Livonia
Livonia,669,56,Baltic Lands,Estis,Lithuania,Polotsk
Prussia,613,125,Baltic Lands,Lithuania,Pomeralia,Mazovia,Kiev

Abydos,710,423,Byzantine Empire,Opsikion,Thracia,Samos,Optimaton
Anatolikon,762,463,Byzantine Empire,Opsikion,Kibyraioton,Konya,Thrakesion
Armeniakon,851,403,Byzantine Empire,Niksar,Chaldia,Mengucoglu,Angora,Paphlagonia
Bulgaria,632,381,Byzantine Empire,Macedonia,Paristrion,Rascia,Thessalonike,Dyrrachion,Nikopolis,Sirmium
Chaldia,900,405,Byzantine Empire,Armeniakon,Mengucoglu,Samtskhe,Erzurum
Crete,668,526,Byzantine Empire,Sicily,Kibyraioton,Peloponnesus,Cyprus,Banu Sulaym
Cyprus,808,526,Byzantine Empire,Crete,Kibyraioton,Antioch,Egypt
Dyrrachion,595,399,Byzantine Empire,Apulia,Bulgaria,Doclea,Rascia,Nikopolis
Hellas,633,448,Byzantine Empire,Thessalonike,Nikopolis,Peloponnesus,Samos
Kibyraioton,765,483,Byzantine Empire,Anatolikon,Crete,Cyprus,Larende,Konya,Armenian Cilicia,Thrakesion,Samos
Macedonia,676,373,Byzantine Empire,Bulgaria,Paristrion,Thracia,Thessalonike
Nikopolis,610,436,Byzantine Empire,Bulgaria,Dyrrachion,Hellas,Thessalonike,Peloponnesus
Opsikion,745,434,Byzantine Empire,Abydos,Anatolikon,Optimaton,Konya,Thrakesion,Samos,Angora
Optimaton,761,409,Byzantine Empire,Opsikion,Angora,Paphlagonia,Thracia,Abydos
Paphlagonia,808,390,Byzantine Empire,Armeniakon,Optimaton,Angora,Crimea
Paristrion,702,342,Byzantine Empire,Bulgaria,Macedonia,Thracia,White Cumania,Black Cumania,Sirmium
Peloponnesus,631,477,Byzantine Empire,Crete,Hellas,Nikopolis
Samos,713,465,Byzantine Empire,Abydos,Kibyraioton,Opsikion,Thrakesion,Hellas
Sirmium,637,328,Byzantine Empire,Bulgaria,Paristrion,Transylvania,Rascia,Black Cumania,Sumadija,Central Hungary
Thessalonike,649,404,Byzantine Empire,Bulgaria,Hellas,Nikopolis,Thracia,Macedonia
Thracia,708,390,Byzantine Empire,Abydos,Macedonia,Optimaton,Paristrion,Thessalonike,Crimea
Thrakesion,738,463,Byzantine Empire,Anatolikon,Kibyraioton,Opsikion,Samos

Alba Highlands,251,55,Celtic lands,Sodor,Strathclyde,Alba Lowlands,Nordr
Alba Lowlands,271,68,Celtic lands,Alba Highlands,Strathclyde,Northern England
Brittany,256,250,Celtic lands,Maine,Poitou,Anjou,Normandy,Munster
Connaught,181,128,Celtic lands,Ulster,Mide,Munster
Deheubarth,249,166,Celtic lands,West Country,Gwynedd,Midlands,Leinster
Gwynedd,254,146,Celtic lands,Deheubarth,Mann,Mide,Northern England,Midlands
Leinster,208,149,Celtic lands,Deheubarth,Mide,Munster
Mide,208,130,Celtic lands,Connaught,Leinster,Ulster,Munster,Gwynedd
Munster,176,162,Celtic lands,Mide,Connaught,Leinster,Brittany,Galicia
Strathclyde,256,96,Celtic lands,Alba Highlands,Alba Lowlands,Northern England,Mann
Ulster,211,108,Celtic lands,Connaught,Mide,Mann,Sodor

Bashkir lands,1257,133,Central Asia,Yakut lands,Kimaks,Kipchaks,Volga Bulgaria
Bourtas,936,166,Central Asia,Mordvin lands,Pontic steppe,Kipchaks,Chernigov
Chermiss lands,1072,30,Central Asia,Yakut lands,Mordvin lands,Volga Bulgaria,Rostov-Suzdal
Kimaks,1265,228,Central Asia,Bashkir lands,Kyzylkum desert,Kipchaks
Mordvin lands,966,101,Central Asia,Bourtas,Chermiss lands,Kipchaks,Chernigov,Volga Bulgaria,Rostov-Suzdal
Volga Bulgaria,1137,103,Central Asia,Bashkir lands,Chermiss lands,Mordvin lands,Yakut lands,Kipchaks
Yakut lands,1232,28,Central Asia,Bashkir lands,Chermiss lands,Volga Bulgaria

Antioch,860,507,Crusader States,Tripoli,Cyprus,Damascus,Armenian Cilicia,Aleppo,Edessa
Armenian Cilicia,848,483,Crusader States,Kibyraioton,Antioch,Larende,Malatya,Kayseri,Edessa
Edessa,891,482,Crusader States,Harput,Mardin,Antioch,Armenian Cilicia,Al-Jazira,Malatya,Aleppo
Jerusalem,840,601,Crusader States,Tripoli,Hamad desert,Damascus,Hijaz,Sinai
Tripoli,858,536,Crusader States,Antioch,Jerusalem,Damascus

Malatya,877,464,Danishmends,Armenian Cilicia,Edessa,Divrigi,Sivas,Kayseri,Harput
Niksar,850,427,Danishmends,Sivas,Armeniakon,Cappadpcoa,Mengucoglu,Kayseri,Angora
Sivas,863,446,Danishmends,Niksar,Malatya,Divrigi,Kayseri,Mengucoglu

Alanni,990,353,Desht-i Qipchaq,Tbilisi,Khazar lands,Imereti,Derbent,Circassia
Black Cumania,679,305,Desht-i Qipchaq,Paristrion,Sirmium,Transylvania,Galija,White Cumania
Circassia,893,325,Desht-i Qipchaq,Alanni,Khazar lands,Imereti,Crimea
Crimea,812,310,Desht-i Qipchaq,Paphlagonia,Thracia,Circassia,White Cumania
Khazar lands,948,300,Desht-i Qipchaq,Alanni,Circassia,Saqsin,Derbent,Pontic steppe
Kipchaks,1120,197,Desht-i Qipchaq,Bashkir lands,Bourtas,Mordvin lands,Volga Bulgaria,Kimaks,Pontic steppe,Oghuz Turks,Saqsin
Oghuz Turks,1139,342,Desht-i Qipchaq,Kipchaks,Saqsin,Khwarezm,Turkmens
Pontic steppe,902,228,Desht-i Qipchaq,Bourtas,Khazar lands,Kipchaks,Perejaslawl,Saqsin,White Cumania,Chernigov
Saqsin,1050,249,Desht-i Qipchaq,Khazar lands,Kipchaks,Oghuz Turks,Pontic steppe
White Cumania,741,255,Desht-i Qipchaq,Paristrion,Black Cumania,Crimea,Pontic steppe,Galija,Perejaslawl,Kiev

Adal,950,991,East Africa,Yemen,Ethiopia
Alodia,808,961,East Africa,Fur Tribes,Makuria,Blemmyes,Ethiopia
Blemmyes,857,848,East Africa,Alodia,Makuria,Upper Egypt,Ethiopia
Ethiopia,888,967,East Africa,Adal,Alodia,Blemmyes
Makuria,785,824,East Africa,Alodia,Blemmyes,Fur Tribes,Upper Egypt,Sahara desert

East Anglia,314,160,England,Midlands,South East England,Friesland
Midlands,286,155,England,Deheubarth,Gwynedd,East Anglia,West Country,Northern England,South East England
Northern England,283,118,England,Gwynedd,Strathclyde,Midlands,Mann,Jutland,Alba Lowlands
South East England,300,183,England,East Anglia,Midlands,West Country,Flanders
West Country,270,186,England,Deheubarth,Midlands,South East England,Normandy

Egypt,746,647,Fatamid Caliphate,Cyprus,Sinai,Upper Egypt,Banu Sulaym,Sahara desert
Hijaz,928,778,Fatamid Caliphate,An Nafud desert,Empty Quarter,Hamad desert,Nejd,Yemen,Jerusalem,Sinai
Sinai,813,630,Fatamid Caliphate,Jerusalem,Egypt,Hijaz
Upper Egypt,797,738,Fatamid Caliphate,Blemmyes,Makuria,Egypt,Sahara desert

Anjou,301,265,France,Brittany,Maine,Poitou,Berry,Blois
Aquitaine,296,312,France,Burgundy Dutchy,Poitou,Toulouse,Berry,Gascony
Berry,328,282,France,Anjou,Aquitaine,Burgundy Dutchy,Poitou,Blois
Blois,333,256,France,Anjou,Berry,Maine,Burgundy Dutchy,Isle of France,Champagne,Normandy
Burgundy Dutchy,352,271,France,Burgundy County,Dauphine,Aquitaine,Berry,Blois,Toulouse,Upper Lorraine,Champagne
Champagne,361,226,France,Flanders,Blois,Burgundy Dutchy,Upper Lorraine,Isle of France,Lower Lorraine
Flanders,346,198,France,Champagne,Normandy,South East England,Isle of France,Lower Lorraine
Gascony,280,337,France,Aquitaine,Aragon,Toulouse,Navarre
Isle of France,339,229,France,Flanders,Blois,Champagne,Normandy
Maine,309,247,France,Brittany,Anjou,Blois,Normandy
Normandy,307,226,France,Brittany,West Country,Flanders,Blois,Isle of France,Maine
Poitou,286,280,France,Brittany,Anjou,Aquitaine,Berry
Toulouse,323,338,France,Dauphine,Provence,Aquitaine,Burgundy Dutchy,Gascony,Aragon,Barcelona

Imereti,945,367,Georgia,Alanni,Circassia,Tbilisi,Samtskhe
Samtskhe,945,389,Georgia,Chaldia,Ani,Erzurum,Imereti,Tbilisi
Tbilisi,987,382,Georgia,Alanni,Ani,Ganja,Shirvan,Imereti,Samtskhe,Derbent

Makran,1282,713,Ghaznavid Sultanate West,Turgistan,Kirman,Dhofar
Turgistan,1286,665,Ghaznavid Sultanate West,Makran,Kirman,Sistan

Austria,525,253,Holy Roman Empire,Moravia,Central Hungary,Pozsony,Bohemia,Carinthia & Styria
Bavaria,468,260,Holy Roman Empire,Lombardy,Bohemia,Franconia,Verona,Carinthia & Styria,Swabia,Eastern March
Bohemia,502,224,Holy Roman Empire,Austria,Bavaria,Upper Silesia,Moravia,Lusatia,Carinthia & Styria,Eastern March
Brandenburg,490,156,Holy Roman Empire,Greater Poland,Pomerania,Lower Silesia,Saxony,Thuringia,Lusatia,Obodrite Confederation,Eastern March
Carinthia & Styria,510,279,Holy Roman Empire,Austria,Bavaria,Bohemia,Carniola,Central Hungary,Verona,Slavonia,Croatia
Carniola,506,302,Holy Roman Empire,Croatia,Verona,Carinthia & Styria
Corsica,423,376,Holy Roman Empire,Provence,Tuscia,Sardinia
Eastern March,480,188,Holy Roman Empire,Bavaria,Bohemia,Brandenburg,Lusatia,Thuringia,Franconia
Franconia,430,218,Holy Roman Empire,Bavaria,Saxony,Eastern March,Upper Lorraine,Lower Lorraine,Thuringia,Swabia
Friesland,393,152,Holy Roman Empire,East Anglia,Lower Lorraine,Saxony
Lombardy,436,316,Holy Roman Empire,Provence,Bavaria,Savoy,Verona,Tuscia,Romagna,Swabia,Little Burgundy
Lower Lorraine,385,186,Holy Roman Empire,Flanders,Champagne,Franconia,Friesland,Saxony,Upper Lorraine
Lusatia,514,182,Holy Roman Empire,Bohemia,Brandenburg,Eastern March,Upper Silesia,Lower Silesia
Moravia,539,228,Holy Roman Empire,Austria,Bohemia,Upper Silesia,Pozsony
Obodrite Confederation,488,129,Holy Roman Empire,Brandenburg,Pomerania,Saxony,Scania
Pomerania,532,134,Holy Roman Empire,Brandenburg,Obodrite Confederation,Greater Poland,Pomeralia
Romagna,476,342,Holy Roman Empire,Abruzzo,Lombardy,Spoleto,Verona,Tuscia
Rome,473,378,Holy Roman Empire,Abruzzo,Naples,Spoleto,Tuscia
Sardinia,420,421,Holy Roman Empire,Balearic Islands,Sicily,Corsica,Naples,Zirid Emirate
Savoy,398,311,Holy Roman Empire,Dauphine,Provence,Lombardy,Little Burgundy
Saxony,434,153,Holy Roman Empire,Brandenburg,Friesland,Franconia,Lower Lorraine,Obodrite Confederation,Jutland,Thuringia
Spoleto,478,361,Holy Roman Empire,Abruzzo,Romagna,Rome,Tuscia
Swabia,430,262,Holy Roman Empire,Bavaria,Franconia,Lombardy,Upper Lorraine,Little Burgundy
Thuringia,445,187,Holy Roman Empire,Brandenburg,Franconia,Saxony,Eastern March
Tuscia,454,354,Holy Roman Empire,Corsica,Lombardy,Romagna,Rome,Spoleto
Upper Lorraine,391,225,Holy Roman Empire,Champagne,Franconia,Swabia,Burgundy County,Burgundy Dutchy,Lower Lorraine,Little Burgundy
Verona,473,302,Holy Roman Empire,Bavaria,Carniola,Lombardy,Romagna,Carinthia & Styria

Bosnia,563,337,Hungary,Slavonia,Doclea,Croatia,Sumadija
Carpathians,631,235,Hungary,Esztergom,Transylvania,Galija,Sandomir,Greater Poland
Central Hungary,581,282,Hungary,Austria,Carinthia & Styria,Esztergom,Slavonia,Pozsony,Transylvania,Sumadija,Sirmium
Croatia,528,323,Hungary,Carniola,Carinthia & Styria,Bosnia,Slavonia,Doclea
Esztergom,594,243,Hungary,Central Hungary,Pozsony,Transylvania,Carpathians,Upper Silesia,Greater Poland
Pozsony,564,240,Hungary,Austria,Moravia,Central Hungary,Esztergom,Upper Silesia
Slavonia,557,309,Hungary,Carinthia & Styria,Bosnia,Central Hungary,Croatia,Sumadija
Transylvania,647,283,Hungary,Esztergom,Sirmium,Galija,Carpathians,Central Hungary,Black Cumania

Aragon,276,377,Iberia Christian Kingdoms,Valencia,Gascony,Toulouse,Castile,Navarre,Barcelona
Barcelona,306,381,Iberia Christian Kingdoms,Balearic Islands,Valencia,Toulouse,Aragon
Castile,223,372,Iberia Christian Kingdoms,Valencia,Aragon,New Castile,Navarre,Leon
Galicia,157,363,Iberia Christian Kingdoms,Portugal,Leon,Munster
Leon,184,385,Iberia Christian Kingdoms,Badajoz,Castile,Galicia,New Castile,Portugal
Navarre,259,356,Iberia Christian Kingdoms,Gascony,Aragon,Castile
New Castile,206,420,Iberia Christian Kingdoms,Cordova,Granada,Valencia,Castile,Leon,Badajoz
Portugal,153,414,Iberia Christian Kingdoms,Badajoz,Galicia,Leon

Mann,248,120,Mann & the Isles Kingdom,Gwynedd,Strathclyde,Ulster,Northern England,Sodor
Nordr,279,10,Mann & the Isles Kingdom,Alba Highlands,Sodor,Norway
Sodor,227,36,Mann & the Isles Kingdom,Alba Highlands,Ulster,Mann,Nordr

Greater Poland,575,169,Poland,Brandenburg,Pomerania,Carpathians,Esztergom,Upper Silesia,Sandomir,Lower Silesia,Pomeralia,Mazovia
Lower Silesia,539,171,Poland,Brandenburg,Lusatia,Greater Poland,Upper Silesia
Mazovia,607,156,Poland,Prussia,Greater Poland,Sandomir,Pomeralia,Kiev
Pomeralia,567,123,Poland,Prussia,Pomerania,Greater Poland,Mazovia
Sandomir,612,190,Poland,Carpathians,Greater Poland,Mazovia,Galija,Kiev
Upper Silesia,559,203,Poland,Lower Silesia,Bohemia,Lusatia,Moravia,Pozsony,Esztergom,Greater Poland

Chernigov,821,137,Russian Principalities,Bourtas,Mordvin lands,Pontic steppe,Smolensk,Perejaslawl,Kiev,Polotsk,Rostov-Suzdal
Galija,658,217,Russian Principalities,Transylvania,Carpathians,Sandomir,Kiev,Black Cumania,White Cumania
Kiev,664,163,Russian Principalities,Lithuania,Prussia,White Cumania,Mazovia,Sandomir,Chernigov,Galija,Perejaslawl,Polotsk
Novgorod,753,21,Russian Principalities,Estis,Smolensk,Polotsk,Rostov-Suzdal
Perejaslawl,738,178,Russian Principalities,Pontic steppe,White Cumania,Chernigov,Kiev
Polotsk,700,95,Russian Principalities,Lithuania,Livonia,Chernigov,Kiev,Novgorod,Smolensk
Rostov-Suzdal,894,32,Russian Principalities,Chermiss lands,Mordvin lands,Chernigov,Novgorod,Smolensk
Smolensk,758,90,Russian Principalities,Chernigov,Novgorod,Polotsk,Rostov-Suzdal

Gotaland,525,47,Scandinavia,Scania,Svealand,Norway
Jutland,441,84,Scandinavia,Zealand,Saxony,Norway,Northern England
Norway,433,12,Scandinavia,Gotaland,Jutland,Svealand,Scania,Nordr
Scania,506,78,Scandinavia,Norway,Gotaland,Zealand,Obodrite Confederation
Svealand,540,8,Scandinavia,Gotaland,Norway,Estis
Zealand,481,98,Scandinavia,Jutland,Scania

Al Anbar,956,551,Seljuk Empire,Hamad desert,Baghdad,Rakka,Mosul,Tekrit
Azerbaijan,1030,500,Seljuk Empire,Tabriz,Gilan,Tekrit,Shah-Armen,Irak Adjemi
Baghdad,1014,586,Seljuk Empire,An Nafud desert,Hamad desert,Al Anbar,Tekrit,Luristan,Khuzistan,Basra
Basra,1052,619,Seljuk Empire,An Nafud desert,al-Hasa,Baghdad,Khuzistan
Dasht-e Kavir & Lut,1181,552,Seljuk Empire,Khorasan,Kirman,Isfahan,Sistan
Fars,1147,643,Seljuk Empire,Kirman,Khuzistan,Isfahan
Gilan,1072,489,Seljuk Empire,Tabriz,Azerbaijan,Irak Adjemi,Tabaristan
Irak Adjemi,1065,522,Seljuk Empire,Azerbaijan,Gilan,Khorasan,Tekrit,Luristan,Tabaristan,Isfahan
Isfahan,1124,577,Seljuk Empire,Dasht-e Kavir & Lut,Fars,Irak Adjemi,Khorasan,Luristan,Kirman,Khuzistan
Karakum desert,1268,441,Seljuk Empire,Khorasan,Turkmens,Khwarezm
Khorasan,1243,505,Seljuk Empire,Dasht-e Kavir & Lut,Irak Adjemi,Isfahan,Turkmens,Tabaristan,Sistan,Karakum desert
Khuzistan,1076,596,Seljuk Empire,Baghdad,Basra,Fars,Isfahan,Luristan
Khwarezm,1252,393,Seljuk Empire,Turkmens,Oghuz Turks,Karakum desert,Kyzylkum desert
Kirman,1218,655,Seljuk Empire,Oman,Makran,Turgistan,Dasht-e Kavir & Lut,Fars,Isfahan,Sistan
Kyzylkum desert,1273,326,Seljuk Empire,Kimaks,Khwarezm
Luristan,1048,559,Seljuk Empire,Baghdad,Irak Adjemi,Isfahan,Khuzistan,Tekrit
Sistan,1277,581,Seljuk Empire,Turgistan,Dasht-e Kavir & Lut,Khorasan,Kirman
Tabaristan,1125,500,Seljuk Empire,Turkmens,Gilan,Irak Adjemi,Khorasan
Tabriz,1037,465,Seljuk Empire,Gilan,Shirvan,Baylakan,Azerbaijan,Shah-Armen
Tekrit,989,534,Seljuk Empire,Azerbaijan,Shah-Armen,Al Anbar,Baghdad,Irak Adjemi,Luristan,Mosul
Turkmens,1167,450,Seljuk Empire,Tabaristan,Khorasan,Khwarezm,Oghuz Turks,Karakum desert

Angora,800,416,Seljuk Rum,Armeniakon,Opsikion,Optimaton,Paphlagonia,Niksar,Cappadpcoa,Konya
Cappadpcoa,818,434,Seljuk Rum,Niksar,Angora,Larende,Konya,Kayseri
Kayseri,847,457,Seljuk Rum,Armenian Cilicia,Malatya,Niksar,Cappadpcoa,Larende,Sivas
Konya,788,459,Seljuk Rum,Anatolikon,Kibyraioton,Opsikion,Angora,Cappadpcoa,Larende
Larende,820,466,Seljuk Rum,Kibyraioton,Armenian Cilicia,Cappadpcoa,Kayseri,Konya

Doclea,581,366,Serbia,Dyrrachion,Bosnia,Rascia,Sumadija,Croatia
Rascia,613,357,Serbia,Bulgaria,Dyrrachion,Sirmium,Doclea,Sumadija
Sumadija,601,336,Serbia,Sirmium,Bosnia,Slavonia,Doclea,Rascia,Central Hungary

Ahlat,953,444,Trans-Caucasus Emirates,Harput,Hasankeyf,Ani,Al-Jazira,Shah-Armen,Erzurum
Ani,970,419,Trans-Caucasus Emirates,Ahlat,Shah-Armen,Tbilisi,Baylakan,Samtskhe,Erzurum,Ganja
Baylakan,1015,440,Trans-Caucasus Emirates,Shah-Armen,Tabriz,Ani,Shirvan,Ganja
Derbent,1035,384,Trans-Caucasus Emirates,Alanni,Shirvan,Tbilisi,Khazar lands
Divrigi,887,444,Trans-Caucasus Emirates,Harput,Malatya,Sivas,Mengucoglu
Erzurum,929,423,Trans-Caucasus Emirates,Harput,Chaldia,Ahlat,Ani,Mengucoglu,Samtskhe
Ganja,996,410,Trans-Caucasus Emirates,Ani,Baylakan,Shirvan,Tbilisi
Mengucoglu,887,428,Trans-Caucasus Emirates,Armeniakon,Chaldia,Niksar,Divrigi,Erzurum,Sivas,Harput
Shah-Armen,980,467,Trans-Caucasus Emirates,Ahlat,Baylakan,Azerbaijan,Tabriz,Ani,Al-Jazira,Mosul,Tekrit
Shirvan,1036,413,Trans-Caucasus Emirates,Tabriz,Baylakan,Derbent,Ganja,Tbilisi

Al-Jazira,932,506,Zengids & Burids,Hasankeyf,Mardin,Edessa,Ahlat,Shah-Armen,Rakka,Mosul,Aleppo
Aleppo,886,527,Zengids & Burids,Antioch,Edessa,Al-Jazira,Rakka,Damascus
Damascus,873,561,Zengids & Burids,Hamad desert,Antioch,Jerusalem,Tripoli,Aleppo,Rakka
Mosul,949,515,Zengids & Burids,Shah-Armen,Al Anbar,Tekrit,Al-Jazira,Rakka
Rakka,914,545,Zengids & Burids,Hamad desert,Al Anbar,Al-Jazira,Aleppo,Damascus,Mosul
