[Map]
image=Rome & Persia 395.bmp
wrap=no
scroll=horizontal
author=Don Morris
warn=yes

[Continents]
Arabia=12
Baltic tribes=4
Berber Tribes=7
Caucusus=3
Celtic Tribes=9
Central Asia=17
East Africa=6
Finno-Ugric Peoples=12
Germanic Tribes=25
Gupta Empire=3
Hunnic Empire=22
Persia=30
Rome-East=40
Rome-Gaul=29
Rome-Illyricum=11
Rome-Italy=25

[Territories]
Azd tribe,811,831,Arabia,Hadramout,Rub al Khali,Quraysh tribe,Himyar
Azd'Oman tribe,1004,722,Arabia,Rub al Khali,Mazun
Banu Ghatafan tribe,738,673,Arabia,Quraysh tribe,Banu Hanifa tribe,Nefud desert,Nabataea
Banu Hanifa tribe,809,675,Arabia,Banu Ghatafan tribe,Rub al Khali,Lakhmid Kingdom,Quraysh tribe,Nefud desert,Bahrain
Ghassanid Kingdom,719,519,Arabia,Eufratensis,Adiabene,Phonicia Libani,Arabia,Syria,Lakhmid Kingdom,Asuristan,Nefud desert,Nabataea
Hadramout,901,836,Arabia,Azd tribe,Rub al Khali,Himyar
Himyar,820,872,Arabia,Azd tribe,Hadramout,Axum
Lakhmid Kingdom,797,547,Arabia,Banu Hanifa tribe,Ghassanid Kingdom,Asuristan,Nefud desert,Maishan,Bahrain
Nabataea,687,608,Arabia,Banu Ghatafan tribe,Ghassanid Kingdom,Arabia,Arabia Petraea,Nefud desert
Nefud desert,746,586,Arabia,Banu Ghatafan tribe,Banu Hanifa tribe,Ghassanid Kingdom,Lakhmid Kingdom,Nabataea
Quraysh tribe,768,756,Arabia,Azd tribe,Banu Ghatafan tribe,Banu Hanifa tribe,Rub al Khali,Blemmyes
Rub al Khali,908,762,Arabia,Azd tribe,Azd'Oman tribe,Banu Hanifa tribe,Hadramout,Quraysh tribe,Mazun,Bahrain

Aestii,444,114,Baltic tribes,Sudovians,Lugii,Rugians,Vandals,Curonians
Curonians,483,101,Baltic tribes,Aestii,Sudovians,Livonians,Letts
Letts,520,106,Baltic tribes,Curonians,Sudovians,Western Venedae,Livonians,Southern Veps
Sudovians,480,146,Baltic tribes,Aestii,Curonians,Letts,Lugii,Western Alans,Western Venedae

Arzuges,307,567,Berber Tribes,Byxacium,Musulami,Garamantes,Tripolitana,Nasamones
Gaetullians,155,526,Berber Tribes,Musulami,Garamantes,Mauri,Mauretania
Garamantes,271,599,Berber Tribes,Arzuges,Gaetullians,Musulami,Libyans,Nasamones
Libyans,472,671,Berber Tribes,Garamantes,Thebais,Nasamones,Nobatia,Arcadia
Mauri,53,517,Berber Tribes,Gaetullians,Mauretania Tingitana,Mauretania
Musulami,232,519,Berber Tribes,Arzuges,Gaetullians,Garamantes,Byxacium,Numidia,Mauretania
Nasamones,431,613,Berber Tribes,Arzuges,Garamantes,Libyans,Tripolitana,Upper Libya,Arcadia,Lower Libya

Albania,824,361,Caucusus,Iberia,Balasagan,Dvin,Legae
Iberia,777,344,Caucusus,Albania,Avars,Dvin,Legae,Persarmenia,Lazica,Pontus Polemoniacus
Lazica,746,332,Caucusus,Iberia,Avars,Siraces,Abgasi,Pontus Polemoniacus

Airgialla,83,98,Celtic Tribes,Cruachain,Ulaid,Brega,Caledonia Highlands
Brega,84,117,Celtic Tribes,Airgialla,Cruachain,Ulaid,Laigin
Caisil,59,145,Celtic Tribes,Cruachain,Laigin,Galicia,Lugdunensis III
Caledonia Highlands,128,47,Celtic Tribes,Airgialla,Caledonia Lowlands,Hen Ogledd
Caledonia Lowlands,150,55,Celtic Tribes,Caledonia Highlands,Hen Ogledd,Norse tribes
Cruachain,63,118,Celtic Tribes,Airgialla,Brega,Caisil,Laigin
Hen Ogledd,140,83,Celtic Tribes,Caledonia Highlands,Caledonia Lowlands,Valentia,Ulaid
Laigin,88,137,Celtic Tribes,Brega,Caisil,Cruachain,Britain II
Ulaid,100,103,Celtic Tribes,Airgialla,Brega,Hen Ogledd

Balkh,1195,402,Central Asia,Ferghana,Kidarites,Kashgar,Samarkand
Bokhara,1106,385,Central Asia,Ferghana,Khwarezm,Kangju,Samarkand,Bactria,Margiana
Chuban,1219,301,Central Asia,Ferghana,Kangju,Kashgar,Eastern Oghuz
Dahae,923,359,Central Asia,Karakum desert,Parthia,Ustyurt plateau
East Kushans,1238,503,Central Asia,Kidarites,Abhiras
Eastern Oghuz,1149,211,Central Asia,Chuban,Western Steppe,Kangju,Western Oghuz
Ferghana,1189,351,Central Asia,Balkh,Bokhara,Chuban,Kangju,Kashgar,Samarkand
Kangju,1055,286,Central Asia,Bokhara,Chuban,Eastern Oghuz,Ferghana,Khwarezm,Western Oghuz
Karakum desert,971,352,Central Asia,Dahae,Khwarezm,Margiana,Parthia,Ustyurt plateau
Kashgar,1243,382,Central Asia,Balkh,Ferghana,Kidarites,Chuban
Khwarezm,1024,337,Central Asia,Bokhara,Karakum desert,Margiana,Kangju,Ustyurt plateau
Kidarites,1195,460,Central Asia,Balkh,East Kushans,Kashgar,Bahlika,Samarkand,Abhiras,Gandhara
Samarkand,1147,429,Central Asia,Balkh,Bokhara,Ferghana,Kidarites,Bahlika,Bactria
Ustyurt plateau,919,295,Central Asia,Dahae,Karakum desert,Khwarezm,Eastern Huns,Western Oghuz
Western Oghuz,961,209,Central Asia,Eastern Oghuz,Ustyurt plateau,Western Steppe,Eastern Huns,Kangju,Onogurs,Mordvins
Western Steppe,1129,137,Central Asia,Eastern Oghuz,Western Oghuz,Yakuts,Onogurs,Ugrian tribes
Yakuts,1217,52,Central Asia,Ugrian tribes,Western Steppe

Alodia,611,856,East Africa,Makuria,Beja,Axum
Axum,731,882,East Africa,Himyar,Beja,Alodia
Beja,679,810,East Africa,Alodia,Axum,Makuria,Blemmyes
Blemmyes,670,741,East Africa,Beja,Makuria,Thebais,Nobatia,Quraysh tribe
Makuria,607,785,East Africa,Alodia,Beja,Blemmyes,Nobatia
Nobatia,593,720,East Africa,Libyans,Blemmyes,Makuria,Thebais

Bjarmaland,646,16,Finno-Ugric Peoples,Chudes,Merya,Mari,Northern Veps
Chudes,517,26,Finno-Ugric Peoples,Bjarmaland,Northern Veps,Livonians,Svealand
Livonians,509,50,Finno-Ugric Peoples,Chudes,Curonians,Letts,Southern Veps,Northern Veps
Mari,815,41,Finno-Ugric Peoples,Bjarmaland,Muromians,Permians,Merya,Onogurs,Mordvins
Merya,683,84,Finno-Ugric Peoples,Mari,Bjarmaland,Southern Veps,Northern Veps,Muromians,Sklaveni
Mordvins,831,119,Finno-Ugric Peoples,Western Oghuz,Mari,Muromians,Eastern Huns,Onogurs
Muromians,744,121,Finno-Ugric Peoples,Mari,Merya,Mordvins,Sklaveni,Eastern Huns,Sarmatians,Alans
Northern Veps,623,46,Finno-Ugric Peoples,Chudes,Livonians,Bjarmaland,Southern Veps,Merya
Onogurs,946,107,Finno-Ugric Peoples,Western Oghuz,Mari,Mordvins,Ugrian tribes,Western Steppe,Permians
Permians,951,37,Finno-Ugric Peoples,Mari,Onogurs,Ugrian tribes
Southern Veps,575,79,Finno-Ugric Peoples,Letts,Northern Veps,Sklaveni,Western Venedae,Livonians,Merya
Ugrian tribes,1073,50,Finno-Ugric Peoples,Yakuts,Onogurs,Permians,Western Steppe

Alemanni,285,208,Germanic Tribes,Suevi,Maxima Sequanorum,Burgundians,Germania,Raetia
Angles,314,115,Germanic Tribes,Saxons,Jutes,Lombards,Varni
Burgundians,284,178,Germanic Tribes,Alemanni,Suevi,Hermanduri,Franks,Germania,Chatti
Buri,419,196,Germanic Tribes,Lugii,Juthungi,Western Alans,Quadi,Semnones,Hasdingi
Chatti,298,158,Germanic Tribes,Burgundians,Hermanduri,Franks,Saxons
Danes,334,85,Germanic Tribes,Geatland,Jutes,Varni
Franks,265,151,Germanic Tribes,Burgundians,Chatti,Saxons,Frisians,Germania
Frisians,257,129,Germanic Tribes,Franks,Saxons,Flavia Caesariensisi
Geatland,369,46,Germanic Tribes,Danes,Svealand,Norse tribes
Hasdingi,441,225,Germanic Tribes,Buri,Carpi,Western Alans,Quadi,Iazyges,Valeria ripensis
Hermanduri,323,171,Germanic Tribes,Burgundians,Chatti,Suevi,Marcomanni,Saxons,Semnones,Lombards
Jutes,302,72,Germanic Tribes,Angles,Danes,Saxons,Norse tribes,Valentia
Juthungi,378,213,Germanic Tribes,Buri,Noricim ripense,Pannonia,Marcomanni,Quadi,Semnones
Lombards,348,140,Germanic Tribes,Angles,Hermanduri,Rugians,Vandals,Saxons,Semnones,Varni
Lugii,429,159,Germanic Tribes,Aestii,Sudovians,Buri,Western Alans,Vandals,Semnones
Marcomanni,351,198,Germanic Tribes,Hermanduri,Juthungi,Noricim ripense,Suevi,Raetia,Semnones
Norse tribes,293,16,Germanic Tribes,Caledonia Lowlands,Geatland,Jutes,Svealand
Quadi,406,223,Germanic Tribes,Buri,Hasdingi,Juthungi,Pannonia,Valeria ripensis
Rugians,395,116,Germanic Tribes,Aestii,Lombards,Vandals,Varni
Saxons,297,130,Germanic Tribes,Angles,Chatti,Franks,Frisians,Hermanduri,Jutes,Lombards
Semnones,368,169,Germanic Tribes,Buri,Hermanduri,Juthungi,Lombards,Lugii,Marcomanni,Vandals
Suevi,313,199,Germanic Tribes,Alemanni,Burgundians,Hermanduri,Marcomanni,Raetia
Svealand,386,14,Germanic Tribes,Chudes,Geatland,Norse tribes
Vandals,399,144,Germanic Tribes,Aestii,Lombards,Lugii,Rugians,Semnones
Varni,346,115,Germanic Tribes,Angles,Danes,Lombards,Rugians

Abhiras,1209,591,Gupta Empire,East Kushans,Kidarites,Paratan,Turan,Sakas,Gandhara
Sakas,1227,665,Gupta Empire,Abhiras,Saurashtra,Turan
Saurashtra,1214,711,Gupta Empire,Sakas,Mazun

Abgasi,721,310,Hunnic Empire,Lazica,Siraces
Alans,749,233,Hunnic Empire,Muromians,Eastern Huns,Sarmatians,Avars,Siraces,Western Huns,Maeotae
Antes,562,214,Hunnic Empire,Bastarnae,Western Huns,Gepidae,Western Venedae,Rhoxolani,Ostrogoths,Visigoths
Avars,781,296,Hunnic Empire,Iberia,Lazica,Alans,Eastern Huns,Siraces,Legae
Bastarnae,506,217,Hunnic Empire,Antes,Carpi,Heruli,Gepidae,Western Alans,Western Venedae
Carpi,467,220,Hunnic Empire,Hasdingi,Bastarnae,Heruli,Western Alans,Iazyges
Crimean Goths,631,281,Hunnic Empire,Maeotae,Europe,Paphlagonia,Western Huns
Eastern Huns,841,211,Hunnic Empire,Ustyurt plateau,Western Oghuz,Mordvins,Muromians,Alans,Avars
Gepidae,513,250,Hunnic Empire,Antes,Bastarnae,Heruli,Visigoths
Heruli,475,247,Hunnic Empire,Bastarnae,Carpi,Gepidae,Iazyges,Visigoths
Iazyges,436,262,Hunnic Empire,Hasdingi,Carpi,Heruli,Slavia,Valeria ripensis,Moesia I,Visigoths
Legae,810,328,Hunnic Empire,Albania,Iberia,Avars
Maeotae,696,269,Hunnic Empire,Alans,Crimean Goths,Siraces,Western Huns
Ostrogoths,584,240,Hunnic Empire,Antes,Scythia,Western Huns,Visigoths
Rhoxolani,570,178,Hunnic Empire,Antes,Sarmatians,Sklaveni,Western Huns,Western Venedae
Sarmatians,683,177,Hunnic Empire,Muromians,Alans,Rhoxolani,Sklaveni,Western Huns
Siraces,725,294,Hunnic Empire,Lazica,Abgasi,Alans,Avars,Maeotae
Sklaveni,622,135,Hunnic Empire,Sarmatians,Rhoxolani,Merya,Muromians,Western Venedae,Southern Veps
Visigoths,509,286,Hunnic Empire,Antes,Gepidae,Heruli,Iazyges,Ostrogoths,Scythia,Moesia II,Moesia I,Dacia
Western Alans,473,185,Hunnic Empire,Sudovians,Buri,Hasdingi,Lugii,Bastarnae,Carpi,Western Venedae
Western Huns,655,220,Hunnic Empire,Alans,Antes,Crimean Goths,Maeotae,Ostrogoths,Rhoxolani,Sarmatians
Western Venedae,535,165,Hunnic Empire,Letts,Sudovians,Sklaveni,Southern Veps,Antes,Bastarnae,Rhoxolani,Western Alans

Abarshahr,978,461,Persia,Patishkhwagar,Drangiana,Margiana,Parthia,Hyrcania,Bactria,Aria
Adiabene,773,446,Persia,Van,Sophene,Osrhoene,Balasagan,Atropatene,Ghassanid Kingdom,Asuristan,Persarmenia,Media,Eufratensis
Arachosia,1119,524,Persia,Bahlika,Drangiana,Gandhara,Paratan,Sakastan
Aria,997,515,Persia,Abarshahr,Patishkhwagar,Drangiana,Carmania,Susiana
Asuristan,818,499,Persia,Ghassanid Kingdom,Lakhmid Kingdom,Adiabene,Elymais,Maishan,Media
Atropatene,839,441,Persia,Adiabene,Balasagan,Hyrcania,Media
Bactria,1044,431,Persia,Bokhara,Samarkand,Abarshahr,Drangiana,Margiana,Bahlika
Bahlika,1094,472,Persia,Kidarites,Samarkand,Bactria,Drangiana,Arachosia,Gandhara
Bahrain,872,633,Persia,Banu Hanifa tribe,Lakhmid Kingdom,Rub al Khali,Mazun,Maishan
Balasagan,830,402,Persia,Albania,Adiabene,Atropatene,Van,Dvin
Carmania,1001,581,Persia,Aria,Drangiana,Mokran,Sakastan,Susiana,Persis,Mazun
Drangiana,1056,503,Persia,Abarshahr,Aria,Bactria,Bahlika,Carmania,Arachosia,Sakastan
Dvin,791,379,Persia,Albania,Iberia,Balasagan,Van,Persarmenia
Elymais,883,553,Persia,Asuristan,Patishkhwagar,Susiana,Persis,Maishan,Media
Gandhara,1163,519,Persia,Kidarites,Abhiras,Arachosia,Paratan,Bahlika
Hyrcania,916,448,Persia,Abarshahr,Atropatene,Patishkhwagar,Parthia,Media
Maishan,851,546,Persia,Lakhmid Kingdom,Asuristan,Bahrain,Elymais
Margiana,998,402,Persia,Karakum desert,Khwarezm,Abarshahr,Bactria,Parthia,Bokhara
Mazun,978,674,Persia,Azd'Oman tribe,Rub al Khali,Saurashtra,Bahrain,Carmania
Media,873,482,Persia,Adiabene,Asuristan,Atropatene,Elymais,Hyrcania,Patishkhwagar
Mokran,1071,635,Persia,Carmania,Sakastan,Turan
Paratan,1142,559,Persia,Abhiras,Gandhara,Arachosia,Sakastan,Turan
Parthia,949,409,Persia,Dahae,Karakum desert,Abarshahr,Hyrcania,Margiana
Patishkhwagar,921,498,Persia,Abarshahr,Aria,Elymais,Hyrcania,Media,Susiana
Persarmenia,755,382,Persia,Iberia,Adiabene,Dvin,Van,Sophene,Armenia Major,Pontus Polemoniacus
Persis,926,579,Persia,Carmania,Elymais,Susiana
Sakastan,1064,572,Persia,Carmania,Drangiana,Mokran,Paratan,Arachosia,Turan
Susiana,945,533,Persia,Aria,Carmania,Elymais,Patishkhwagar,Persis
Turan,1125,618,Persia,Abhiras,Sakas,Mokran,Paratan,Sakastan
Van,782,406,Persia,Adiabene,Balasagan,Dvin,Persarmenia

Arabia,678,530,Rome-East,Ghassanid Kingdom,Nabataea,Phonicia Libani,Palestine,Phoenicia,Arabia Petraea
Arabia Petraea,653,569,Rome-East,Nabataea,Arabia,Augustannica,Palestine,Arcadia
Arcadia,580,597,Rome-East,Libyans,Nasamones,Augustannica,Thebais,Egypt,Lower Libya,Arabia Petraea
Armenia,685,392,Rome-East,Eufratensis,Sophene,Armenia Major,Helenopontus,Cilicia,Pontus Polemoniacus,Capadocia
Armenia Major,727,389,Rome-East,Persarmenia,Armenia,Sophene,Pontus Polemoniacus
Asia,537,407,Rome-East,Lydia,Helles Pontus,Achaia
Augustannica,606,561,Rome-East,Arabia Petraea,Arcadia,Egypt,Palestine,Cyprus
Bithynia & Honorias,575,369,Rome-East,Galatia,Paphlagonia,Helles Pontus,Phrygia,Europe
Capadocia,658,402,Rome-East,Armenia,Helenopontus,Galatia,Cilicia,Lycaonia
Cilicia,661,437,Rome-East,Armenia,Capadocia,Eufratensis,Syria,Isauria,Lycaonia
Cyprus,625,472,Rome-East,Augustannica,Isauria,Syria,Crete
Egypt,566,566,Rome-East,Arcadia,Augustannica,Lower Libya
Eufratensis,692,442,Rome-East,Armenia,Cilicia,Sophene,Osrhoene,Syria,Ghassanid Kingdom,Adiabene
Europe,542,357,Rome-East,Crimean Goths,Bithynia & Honorias,Haemimontium,Rhodope,Helles Pontus
Galatia,616,380,Rome-East,Bithynia & Honorias,Capadocia,Helenopontus,Lycaonia,Paphlagonia,Phrygia
Haemimontium,532,334,Rome-East,Europe,Moesia II,Thrace,Rhodope
Helenopontus,653,360,Rome-East,Armenia,Capadocia,Galatia,Paphlagonia,Pontus Polemoniacus
Helles Pontus,539,383,Rome-East,Asia,Bithynia & Honorias,Europe,Lydia,Phrygia
Isauria,624,446,Rome-East,Cilicia,Cyprus,Pamhylia,Pisidia,Lycaonia
Lower Libya,498,551,Rome-East,Nasamones,Arcadia,Egypt,Upper Libya,Crete
Lycaonia,633,412,Rome-East,Capadocia,Cilicia,Galatia,Isauria,Pisidia,Phrygia
Lycia,571,439,Rome-East,Lydia,Pamhylia,Pisidia,Phrygia
Lydia,553,418,Rome-East,Asia,Helles Pontus,Lycia,Phrygia,Crete
Moesia II,528,304,Rome-East,Visigoths,Haemimontium,Scythia,Thrace,Dacia
Osrhoene,719,437,Rome-East,Adiabene,Eufratensis,Sophene
Palestine,657,528,Rome-East,Arabia,Arabia Petraea,Phoenicia,Augustannica
Pamhylia,597,434,Rome-East,Isauria,Lycia,Pisidia
Paphlagonia,620,355,Rome-East,Crimean Goths,Bithynia & Honorias,Galatia,Helenopontus
Phoenicia,666,493,Rome-East,Arabia,Palestine,Phonicia Libani,Syria
Phonicia Libani,687,494,Rome-East,Ghassanid Kingdom,Arabia,Phoenicia,Syria
Phrygia,576,396,Rome-East,Bithynia & Honorias,Galatia,Helles Pontus,Lycaonia,Lycia,Lydia,Pisidia
Pisidia,598,415,Rome-East,Isauria,Lycaonia,Lycia,Pamhylia,Phrygia
Pontus Polemoniacus,698,367,Rome-East,Persarmenia,Armenia,Armenia Major,Helenopontus,Iberia,Lazica
Rhodope,517,357,Rome-East,Europe,Haemimontium,Macedonia,Thrace
Scythia,558,281,Rome-East,Ostrogoths,Visigoths,Moesia II
Sophene,718,411,Rome-East,Adiabene,Persarmenia,Armenia,Armenia Major,Eufratensis,Osrhoene
Syria,678,462,Rome-East,Ghassanid Kingdom,Cilicia,Cyprus,Eufratensis,Phoenicia,Phonicia Libani
Thebais,599,648,Rome-East,Libyans,Blemmyes,Nobatia,Arcadia
Thrace,504,338,Rome-East,Haemimontium,Moesia II,Rhodope,Macedonia,Macedonia Salutaris,Dacia
Upper Libya,441,568,Rome-East,Nasamones,Lower Libya,Tripolitana

Alps Maritime,255,301,Rome-Gaul,Viennensis,Cottian Alps,Corsica,Pennine & Graian Alps
Aquitaine I,183,275,Rome-Gaul,Narbonnensis,Lugdunensis I,Lugdunensis IV,Aquitaine II,Novempopulana
Aquitaine II,154,268,Rome-Gaul,Aquitaine I,Lugdunensis III,Novempopulana
Baetica,55,418,Rome-Gaul,Lusitania II,Lusitania I,Carthaginiensis II,Mauretania Tingitana
Balearic Islands,188,386,Rome-Gaul,Tarraconensis,Sardinia,Carthaginiensis II,Mauretania
Belgica,226,198,Rome-Gaul,Maxima Sequanorum,Lugdunensis I,Lugdunensis II,Lugdunensis IV,Germania,Londinium
Britain I,144,168,Rome-Gaul,Britain II,Flavia Caesariensisi,Londinium,Lugdunensis II
Britain II,132,140,Rome-Gaul,Valentia,Laigin,Britain I,Maxima Caesariensis,Flavia Caesariensisi
Carthaginiensis I,124,362,Rome-Gaul,Lusitania II,Galicia,Tarraconensis,Carthaginiensis II
Carthaginiensis II,106,406,Rome-Gaul,Baetica,Balearic Islands,Carthaginiensis I,Lusitania II
Flavia Caesariensisi,164,140,Rome-Gaul,Frisians,Britain I,Britain II,Maxima Caesariensis,Londinium
Galicia,55,328,Rome-Gaul,Caisil,Carthaginiensis I,Lusitania II,Lusitania I,Tarraconensis
Germania,257,185,Rome-Gaul,Alemanni,Burgundians,Franks,Belgica,Maxima Sequanorum
Londinium,173,162,Rome-Gaul,Belgica,Britain I,Flavia Caesariensisi
Lugdunensis I,210,253,Rome-Gaul,Aquitaine I,Belgica,Maxima Sequanorum,Narbonnensis,Lugdunensis IV,Viennensis
Lugdunensis II,178,203,Rome-Gaul,Belgica,Britain I,Lugdunensis III,Lugdunensis IV
Lugdunensis III,143,229,Rome-Gaul,Caisil,Aquitaine II,Lugdunensis II,Lugdunensis IV
Lugdunensis IV,181,229,Rome-Gaul,Aquitaine I,Belgica,Lugdunensis I,Lugdunensis II,Lugdunensis III
Lusitania I,42,370,Rome-Gaul,Baetica,Galicia,Lusitania II
Lusitania II,78,369,Rome-Gaul,Baetica,Carthaginiensis I,Carthaginiensis II,Galicia,Lusitania I
Mauretania Tingitana,72,481,Rome-Gaul,Mauri,Baetica,Mauretania
Maxima Caesariensis,165,118,Rome-Gaul,Britain II,Flavia Caesariensisi,Valentia
Maxima Sequanorum,250,240,Rome-Gaul,Alemanni,Belgica,Germania,Lugdunensis I,Pennine & Graian Alps,Viennensis,Raetia
Narbonnensis,195,311,Rome-Gaul,Aquitaine I,Lugdunensis I,Tarraconensis,Viennensis,Novempopulana
Novempopulana,154,303,Rome-Gaul,Aquitaine I,Aquitaine II,Narbonnensis,Tarraconensis
Pennine & Graian Alps,269,258,Rome-Gaul,Viennensis,Raetia,Cottian Alps,Liguria,Alps Maritime,Maxima Sequanorum
Tarraconensis,147,334,Rome-Gaul,Balearic Islands,Carthaginiensis I,Galicia,Narbonnensis,Novempopulana
Valentia,150,101,Rome-Gaul,Britain II,Hen Ogledd,Maxima Caesariensis,Jutes
Viennensis,233,289,Rome-Gaul,Alps Maritime,Lugdunensis I,Maxima Sequanorum,Narbonnensis,Pennine & Graian Alps

Achaia,467,425,Rome-Illyricum,Asia,Thessaly,Epirus Vetus,Crete
Crete,503,472,Rome-Illyricum,Cyprus,Lower Libya,Lydia,Achaia,Sicily
Dacia,473,317,Rome-Illyricum,Visigoths,Moesia II,Thrace,Dardanaia,Macedonia Salutaris,Moesia I
Dardanaia,446,328,Rome-Illyricum,Dacia,Praevalitana,Epirus Nova,Macedonia Salutaris,Moesia I
Epirus Nova,436,360,Rome-Illyricum,Dardanaia,Praevalitana,Macedonia Salutaris,Thessaly,Epirus Vetus,Apulia & Calabria
Epirus Vetus,446,390,Rome-Illyricum,Achaia,Epirus Nova,Thessaly
Macedonia,485,363,Rome-Illyricum,Rhodope,Thrace,Macedonia Salutaris,Thessaly
Macedonia Salutaris,462,352,Rome-Illyricum,Thrace,Dacia,Dardanaia,Epirus Nova,Macedonia,Thessaly
Moesia I,439,297,Rome-Illyricum,Iazyges,Visigoths,Dacia,Dardanaia,Praevalitana,Slavia,Dalmatia
Praevalitana,426,327,Rome-Illyricum,Dardanaia,Epirus Nova,Moesia I,Dalmatia
Thessaly,465,387,Rome-Illyricum,Achaia,Epirus Nova,Epirus Vetus,Macedonia,Macedonia Salutaris

Aemilia,303,295,Rome-Italy,Picenum,Venitia & Istria,Cottian Alps,Liguria,Tuscany & Umbria
Africa Proconsularis,273,447,Rome-Italy,Byxacium,Numidia,Sardinia,Sicily
Apulia & Calabria,381,359,Rome-Italy,Epirus Nova,Samnium & Valeria,Campania,Bruttia & Lucania
Bruttia & Lucania,381,385,Rome-Italy,Apulia & Calabria,Campania,Sicily
Byxacium,275,492,Rome-Italy,Arzuges,Musulami,Africa Proconsularis,Tripolitana,Numidia
Campania,346,351,Rome-Italy,Apulia & Calabria,Bruttia & Lucania,Samnium & Valeria,Tuscany & Umbria
Corsica,282,336,Rome-Italy,Alps Maritime,Tuscany & Umbria,Sardinia
Cottian Alps,271,289,Rome-Italy,Alps Maritime,Aemilia,Liguria,Pennine & Graian Alps,Tuscany & Umbria
Dalmatia,394,302,Rome-Italy,Moesia I,Praevalitana,Slavia,Noricum mediterraneum,Venitia & Istria
Liguria,296,271,Rome-Italy,Pennine & Graian Alps,Aemilia,Cottian Alps,Venitia & Istria,Raetia
Mauretania,174,464,Rome-Italy,Gaetullians,Musulami,Numidia,Mauri,Mauretania Tingitana,Balearic Islands
Noricim ripense,349,241,Rome-Italy,Juthungi,Marcomanni,Pannonia,Venitia & Istria,Noricum mediterraneum,Raetia
Noricum mediterraneum,361,268,Rome-Italy,Dalmatia,Noricim ripense,Pannonia,Slavia,Venitia & Istria
Numidia,242,462,Rome-Italy,Musulami,Africa Proconsularis,Byxacium,Mauretania
Pannonia,386,247,Rome-Italy,Juthungi,Quadi,Noricim ripense,Noricum mediterraneum,Slavia,Valeria ripensis
Picenum,336,312,Rome-Italy,Aemilia,Samnium & Valeria,Venitia & Istria,Tuscany & Umbria
Raetia,304,236,Rome-Italy,Alemanni,Marcomanni,Suevi,Pennine & Graian Alps,Liguria,Noricim ripense,Venitia & Istria,Maxima Sequanorum
Samnium & Valeria,350,340,Rome-Italy,Apulia & Calabria,Campania,Picenum,Tuscany & Umbria
Sardinia,278,377,Rome-Italy,Balearic Islands,Africa Proconsularis,Corsica,Sicily
Sicily,345,423,Rome-Italy,Crete,Africa Proconsularis,Bruttia & Lucania,Sardinia
Slavia,391,277,Rome-Italy,Iazyges,Moesia I,Dalmatia,Noricum mediterraneum,Pannonia,Valeria ripensis
Tripolitana,341,537,Rome-Italy,Arzuges,Nasamones,Upper Libya,Byxacium
Tuscany & Umbria,316,321,Rome-Italy,Aemilia,Campania,Corsica,Picenum,Samnium & Valeria,Cottian Alps
Valeria ripensis,405,255,Rome-Italy,Quadi,Iazyges,Pannonia,Slavia,Hasdingi
Venitia & Istria,325,271,Rome-Italy,Aemilia,Liguria,Dalmatia,Noricim ripense,Noricum mediterraneum,Picenum,Raetia
