[Map]
image=world-chuckD.bmp
wrap=yes
scroll=horizontal
author=chuck D
warn=yes

[Continents]
Africa=3
Asia=7
Australia=0
Europe=5
North America=5
South America=2

[Territories]
Congo,475,318,Africa,North Africa,East Africa,South Africa
East Africa,517,298,Africa,Egypt,Middle East,Congo,North Africa,South Africa,Madagascar
Egypt,480,249,Africa,Southern Europe,North Africa,Middle East,East Africa
Madagascar,534,365,Africa,East Africa,South Africa,Western Australia
North Africa,420,264,Africa,Brazil,Western Europe,Southern Europe,Egypt,East Africa,Congo
South Africa,483,371,Africa,Congo,East Africa,Madagascar

Afghanistan,585,192,Asia,Ural,China,India,Middle East,Ukraine
China,662,217,Asia,Ural,Siberia,Mongolia,Siam,India,Afghanistan
India,612,249,Asia,China,Siam,Afghanistan,Middle East
Irkutsk,698,152,Asia,Siberia,Yatusk,Kamchatka,Mongolia
Japan,759,220,Asia,Kamchatka,Mongolia
Kamchatka,806,125,Asia,Yatusk,Irkutsk,Japan,Alaska,Mongolia
Middle East,530,234,Asia,Ukraine,Afghanistan,India,Southern Europe,Egypt,East Africa
Mongolia,707,188,Asia,Siberia,Irkutsk,Japan,China,Kamchatka
Siam,671,270,Asia,China,India,Indonesia
Siberia,666,110,Asia,Yatusk,Irkutsk,Mongolia,China,Ural
Ural,613,136,Asia,Siberia,China,Afghanistan,Ukraine
Yatusk,738,118,Asia,Siberia,Irkutsk,Kamchatka

Eastern Australia,777,381,Australia,Western Australia,New Guinea
Indonesia,698,314,Australia,Siam,New Guinea,Western Australia
New Guinea,771,322,Australia,Indonesia,Western Australia,Eastern Australia
Western Australia,731,374,Australia,New Guinea,Eastern Australia,Madagascar,Indonesia

Great Britain,419,169,Europe,Iceland,Scandinavia,Western Europe,Northern Europe
Iceland,380,126,Europe,Greenland,Great Britain,Scandinavia
Northern Europe,460,173,Europe,Great Britain,Scandinavia,Ukraine,Southern Europe,Western Europe
Scandinavia,463,127,Europe,Iceland,Great Britain,Northern Europe,Ukraine
Southern Europe,473,197,Europe,Northern Europe,Ukraine,Middle East,Egypt,North Africa,Western Europe
Ukraine,524,157,Europe,Ural,Afghanistan,Middle East,Southern Europe,Northern Europe,Scandinavia
Western Europe,423,202,Europe,Great Britain,Northern Europe,Southern Europe,North Africa

Alaska,70,126,North America,Northwest Territory,Alberta,Kamchatka
Alberta,147,163,North America,Alaska,Northwest Territory,Ontario,Western United States
Central America,183,262,North America,Western United States,Eastern United States,Venezuala
Eastern United States,219,216,North America,Ontario,Quebec,Western United States,Central America
Greenland,324,76,North America,Northwest Territory,Ontario,Quebec,Iceland
Northwest Territory,148,127,North America,Alaska,Alberta,Ontario,Greenland
Ontario,199,167,North America,Northwest Territory,Alberta,Greenland,Quebec,Western United States,Eastern United States
Quebec,253,166,North America,Greenland,Ontario,Eastern United States
Western United States,159,204,North America,Alberta,Ontario,Eastern United States,Central America

Argentina,263,407,South America,Peru,Brazil
Brazil,308,337,South America,Venezuala,Peru,Argentina,North Africa
Peru,262,349,South America,Venezuala,Brazil,Argentina
Venezuala,259,303,South America,Central America,Peru,Brazil
