[Map]
author=Jeff S With Sean's World Design
image=World 2210.bmp
wrap=yes
scroll=horizontal
warn=yes

[Continents]
North America=5
South America=2
Africa=3
Europe=5
Asia=7
Australia=2
US Pacific=2
Asia Pacific=1
North Atlantic=2
South Atlantic=1
Indian=2

[Territories]
Northwestern Oil Emirate,70,101,North America,Nunavut,Alberta,Pevek
Nunavut,149,106,North America,Northwestern Oil Emirate,Alberta,Canada,Exiled States of America
Alberta,139,138,North America,Northwestern Oil Emirate,Nunavut,Canada,Continental Biospheres
Exiled States of America,320,51,North America,Nunavut,Republique du Quebec,Iceland GRC
Canada,195,142,North America,Nunavut,Alberta,Republique du Quebec,Continental Biospheres,American Republic
Republique du Quebec,249,141,North America,Exiled States of America,Canada,American Republic
Continental Biospheres,151,179,North America,Alberta,Canada,American Republic,Mexico,Poseidon
American Republic,211,191,North America,Canada,Republique du Quebec,Continental Biospheres,Mexico,New York
Mexico,179,237,North America,Continental Biospheres,American Republic,Nuevo Timoto

Nuevo Timoto,256,278,South America,Mexico,Andean Nations,Amazon Desert,New Atlantis
Andean Nations,258,324,South America,Nuevo Timoto,Amazon Desert,Argentina
Argentina,255,382,South America,Andean Nations,Amazon Desert
Amazon Desert,303,316,South America,Nuevo Timoto,Andean Nations,Argentina,Saharan Empire,Nova Brasilia,Neo Paulo

Saharan Empire,419,240,Africa,Amazon Desert,Andorra,Imperial Balkania,Egypt,Ministry of Djibouti,Zaire Military Zone,The Ivory Reef
Zaire Military Zone,469,293,Africa,Saharan Empire,Ministry of Djibouti,Lesotho
Lesotho,477,346,Africa,Zaire Military Zone,Ministry of Djibouti,Madagascar
Madagascar,532,336,Africa,Ministry of Djibouti,Lesotho,Microcorp
Ministry of Djibouti,513,273,Africa,Egypt,Zaire Military Zone,Saharan Empire,Lesotho,Madagascar
Egypt,474,224,Africa,Imperial Balkania,Saharan Empire,Middle East,Ministry of Djibouti

Iceland GRC,374,103,Europe,Exiled States of America,New Avalon,Jotenheim
New Avalon,413,141,Europe,Iceland GRC,Jotenheim,Andorra,Warsaw Republic,Western Ireland
Andorra,420,176,Europe,New Avalon,Warsaw Republic,Imperial Balkania,Saharan Empire
Jotenheim,460,102,Europe,Iceland GRC,New Avalon,Warsaw Republic,Ukrayina
Warsaw Republic,457,149,Europe,New Avalon,Jotenheim,Ukrayina,Imperial Balkania,Andorra
Imperial Balkania,467,173,Europe,Warsaw Republic,Ukrayina,Middle East,Egypt,Saharan Empire,Andorra
Ukrayina,524,132,Europe,Enclave of the Bear,Afghanistan,Middle East,Imperial Balkania,Warsaw Republic,Jotenheim

Middle East,528,208,Asia,Ukrayina,Afghanistan,United Indiastan,Imperial Balkania,Egypt
Enclave of the Bear,606,111,Asia,Siberia,Hong Kong,Afghanistan,Ukrayina
Afghanistan,577,168,Asia,Enclave of the Bear,Hong Kong,United Indiastan,Middle East,Ukrayina
United Indiastan,606,226,Asia,Hong Kong,Angkhor Wat,Afghanistan,Middle East,South Ceylon
Siberia,660,85,Asia,Sakha,Alden,Khan Industrial State,Hong Kong,Enclave of the Bear
Hong Kong,660,194,Asia,Enclave of the Bear,Siberia,Khan Industrial State,Angkhor Wat,United Indiastan,Afghanistan,Neo Tokyo
Angkhor Wat,665,245,Asia,Hong Kong,United Indiastan,Java Cartel
Khan Industrial State,701,164,Asia,Siberia,Alden,Japan,Hong Kong,Pevek
Alden,694,128,Asia,Siberia,Sakha,Pevek,Khan Industrial State
Sakha,734,95,Asia,Siberia,Alden,Pevek
Pevek,800,102,Asia,Sakha,Alden,Japan,Northwestern Oil Emirate,Khan Industrial State
Japan,754,198,Asia,Pevek,Khan Industrial State,Neo Tokyo

Java Cartel,689,290,Australia,Angkhor Wat,New Guinea,Aboriginal League,SungTzu
New Guinea,763,301,Australia,Java Cartel,Aboriginal League,Australian Testing Ground
Aboriginal League,725,348,Australia,Java Cartel,New Guinea,Australian Testing Ground,Akara
Australian Testing Ground,771,356,Australia,Aboriginal League,New Guinea

Poseidon,69,176,US Pacific,Continental Biospheres,Hawaiin Preserve
Hawaiin Preserve,98,246,US Pacific,Poseidon,New Atlantis
New Atlantis,167,299,US Pacific,Hawaiin Preserve,Neo Tokyo,Nuevo Timoto

Neo Tokyo,799,221,Asia Pacific,New Atlantis,Hong Kong,Japan,SungTzu
SungTzu,832,281,Asia Pacific,Neo Tokyo,Java Cartel

Western Ireland,356,157,North Atlantic,New Avalon,New York
New York,276,209,North Atlantic,Western Ireland,American Republic,Nova Brasilia
Nova Brasilia,321,255,North Atlantic,New York,Amazon Desert

Neo Paulo,350,363,South Atlantic,Amazon Desert,The Ivory Reef
The Ivory Reef,401,314,South Atlantic,Neo Paulo,Saharan Empire

South Ceylon,587,293,Indian,United Indiastan,Microcorp
Microcorp,581,350,Indian,South Ceylon,Akara,Madagascar
Akara,655,374,Indian,Microcorp,Aboriginal League