[Map]
author=Marc Hebert
image=World Total War.bmp
wrap=yes
scroll=horizontal
warn=yes

[Continents]
North America=5
South America=2
Africa=3
Europe=5
Asia=7
Oceania=2
Arctic=2
Antarctic=2
Atlantic Ocean=3
Pacific Ocean=5
Indian Ocean=2

[Territories]
Northwestern Oil Emirate,70,101,North America,Nunavut,Alberta Oil-Gas Inc.,Kamchatka
Nunavut,141,102,North America,Northwestern Oil Emirate,Alberta Oil-Gas Inc.,Canada,Exiled States of America
Alberta Oil-Gas Inc.,139,138,North America,Northwestern Oil Emirate,Nunavut,Canada,Continental Biospheres
Exiled States of America,320,51,North America,Nunavut,Canada,Republique du Quebec,Iceland GRC,Greenpeace Base,British Protectorat
Canada,195,142,North America,Nunavut,Alberta Oil-Gas Inc.,Exiled States of America,Republique du Quebec,Continental Biospheres,American Republic
Republique du Quebec,249,141,North America,Exiled States of America,Canada,American Republic,Terra Nova
Continental Biospheres,151,179,North America,Alberta Oil-Gas Inc.,Canada,American Republic,Mexico,Hawaiian Islands
American Republic,211,191,North America,Canada,Republique du Quebec,Continental Biospheres,Mexico,United States Carabean
Mexico,179,237,North America,Continental Biospheres,American Republic,Medeyin Cartel

Medeyin Cartel,256,278,South America,Mexico,Andean Nations,Amazon Desert,United States Carabean
Andean Nations,258,324,South America,Medeyin Cartel,Amazon Desert,Patagonia,Galapagos
Patagonia,255,382,South America,Andean Nations,Amazon Desert,New Zone 51
Amazon Desert,303,316,South America,Medeyin Cartel,Andean Nations,Patagonia,Brazilia Floating State

Saharan Empire,419,240,Africa,Brazilia Floating State,Andorra,Imperial Balkania,Egypt,Ministry of Djibouti,Zaire Military Zone,Azores
Zaire Military Zone,469,293,Africa,Saharan Empire,Ministry of Djibouti,Lesotho
Lesotho,477,346,Africa,Zaire Military Zone,Ministry of Djibouti,Madagascar
Ministry of Djibouti,513,273,Africa,Egypt,Islam Empire,Zaire Military Zone,Saharan Empire,Lesotho,Madagascar
Egypt,474,224,Africa,Imperial Balkania,Saharan Empire,Islam Empire,Ministry of Djibouti

Iceland GRC,374,103,Europe,Exiled States of America,New Avalon,Jotenheim
New Avalon,413,141,Europe,Iceland GRC,Jotenheim,Andorra,Warsaw Republic
Andorra,420,176,Europe,New Avalon,Warsaw Republic,Imperial Balkania,Saharan Empire,Azores
Jotenheim,460,102,Europe,Iceland GRC,New Avalon,Warsaw Republic,Ukraine,British Protectorat
Warsaw Republic,457,149,Europe,New Avalon,Jotenheim,Ukraine,Imperial Balkania,Andorra
Imperial Balkania,467,173,Europe,Warsaw Republic,Ukraine,Islam Empire,Egypt,Saharan Empire,Andorra
Ukraine,524,132,Europe,Enclave of the Bear,Afghanistan,Islam Empire,Imperial Balkania,Warsaw Republic,Jotenheim

Islam Empire,528,208,Asia,Ukraine,Afghanistan,United Indiastan,Imperial Balkania,Egypt,Ministry of Djibouti
Enclave of the Bear,606,111,Asia,Siberia,Hong Kong,Afghanistan,Ukraine
Afghanistan,577,168,Asia,Enclave of the Bear,Hong Kong,United Indiastan,Islam Empire,Ukraine
United Indiastan,606,226,Asia,Hong Kong,Angkhor Wat,Afghanistan,Islam Empire,Ceylon
Siberia,660,85,Asia,Yatusk,Irkutsk,Khan Industrial State,Hong Kong,Enclave of the Bear,Rebel Soviet
Hong Kong,660,194,Asia,Enclave of the Bear,Siberia,Khan Industrial State,Angkhor Wat,United Indiastan,Afghanistan
Angkhor Wat,665,245,Asia,Hong Kong,United Indiastan,Java Cartel
Khan Industrial State,701,164,Asia,Siberia,Irkutsk,Japan,Hong Kong,Kamchatka
Irkutsk,694,128,Asia,Siberia,Yatusk,Kamchatka,Khan Industrial State
Yatusk,734,95,Asia,Siberia,Irkutsk,Kamchatka
Kamchatka,800,102,Asia,Yatusk,Irkutsk,Japan,Northwestern Oil Emirate,Khan Industrial State

Java Cartel,689,290,Oceania,Angkhor Wat,New Guinea,Aboriginal League
New Guinea,763,301,Oceania,Java Cartel,Aboriginal League,Australian Testing Ground,Kingdom of Fiji,Philippine
Aboriginal League,725,348,Oceania,Java Cartel,New Guinea,Australian Testing Ground,Exxon Petroleum
Australian Testing Ground,771,356,Oceania,Aboriginal League,New Guinea,New-Zealand,New Australia

Greenpeace Base,157,22,Arctic,Exiled States of America,British Protectorat,Rebel Soviet
British Protectorat,495,30,Arctic,Greenpeace Base,Rebel Soviet,Jotenheim,Exiled States of America
Rebel Soviet,646,15,Arctic,British Protectorat,Siberia,Greenpeace Base

New Australia,727,433,Antarctic,Australian Testing Ground,Exiled Chinese Republic,New Zone 51
Exiled Chinese Republic,502,440,Antarctic,New Australia,Microsoft Research Area
Microsoft Research Area,359,440,Antarctic,Exiled Chinese Republic,New Zone 51
New Zone 51,144,443,Antarctic,Microsoft Research Area,Patagonia,New Australia

Madagascar,532,336,Indian Ocean,Ministry of Djibouti,Lesotho,Ceylon,Exxon Petroleum
Ceylon,616,272,Indian Ocean,Madagascar,United Indiastan,Exxon Petroleum
Exxon Petroleum,664,339,Indian Ocean,Aboriginal League,Madagascar,Ceylon

New-Zealand,825,386,Pacific Ocean,Australian Testing Ground,Kingdom of Fiji
Kingdom of Fiji,878,314,Pacific Ocean,New-Zealand,New Guinea,Tahiti
Tahiti,74,316,Pacific Ocean,Kingdom of Fiji,Hawaiian Islands,Galapagos
Hawaiian Islands,53,233,Pacific Ocean,Tahiti,Midway Fortress,Continental Biospheres
Midway Fortress,871,212,Pacific Ocean,Hawaiian Islands,Philippine
Philippine,755,255,Pacific Ocean,Midway Fortress,New Guinea,Japan
Japan,754,198,Pacific Ocean,Kamchatka,Khan Industrial State,Philippine
Galapagos,189,289,Pacific Ocean,Tahiti,Andean Nations

Azores,363,192,Atlantic Ocean,Saharan Empire,Andorra,Terra Nova
Terra Nova,293,160,Atlantic Ocean,Azores,Republique du Quebec,Bermudes
United States Carabean,257,239,Atlantic Ocean,Bermudes,American Republic,Medeyin Cartel,Brazilia Floating State
Bermudes,275,198,Atlantic Ocean,Terra Nova,United States Carabean
Brazilia Floating State,355,300,Atlantic Ocean,Amazon Desert,Saharan Empire,United States Carabean



